../Core/Src/main.c:83:6:SetMotorDirection	16	static
../Core/Src/main.c:99:6:SpeedCalculating	16	static
../Core/Src/main.c:134:5:main	8	static
../Core/Src/main.c:213:6:SystemClock_Config	88	static
../Core/Src/main.c:263:13:MX_TIM1_Init	56	static
../Core/Src/main.c:314:13:MX_TIM2_Init	40	static
../Core/Src/main.c:361:13:MX_TIM3_Init	48	static
../Core/Src/main.c:410:13:MX_USART3_UART_Init	8	static
../Core/Src/main.c:445:13:MX_USB_OTG_FS_PCD_Init	8	static
../Core/Src/main.c:480:13:MX_GPIO_Init	56	static
../Core/Src/main.c:574:6:Error_Handler	4	static,ignoring_inline_asm
