17:14:42 **** Incremental Build of configuration Debug for project PID-Motor-Control ****
make -j12 all 
arm-none-eabi-gcc "../Core/Src/main.c" -mcpu=cortex-m7 -std=gnu11 -g3 -DDEBUG -DUSE_HAL_DRIVER -DSTM32F746xx -c -I../Core/Inc -I../Drivers/STM32F7xx_HAL_Driver/Inc -I../Drivers/STM32F7xx_HAL_Driver/Inc/Legacy -I../Drivers/CMSIS/Device/ST/STM32F7xx/Include -I../Drivers/CMSIS/Include -O0 -ffunction-sections -fdata-sections -Wall -fstack-usage -fcyclomatic-complexity -MMD -MP -MF"Core/Src/main.d" -MT"Core/Src/main.o" --specs=nano.specs -mfpu=fpv5-sp-d16 -mfloat-abi=hard -mthumb -o "Core/Src/main.o"
arm-none-eabi-gcc "../Core/Src/stm32f7xx_hal_msp.c" -mcpu=cortex-m7 -std=gnu11 -g3 -DDEBUG -DUSE_HAL_DRIVER -DSTM32F746xx -c -I../Core/Inc -I../Drivers/STM32F7xx_HAL_Driver/Inc -I../Drivers/STM32F7xx_HAL_Driver/Inc/Legacy -I../Drivers/CMSIS/Device/ST/STM32F7xx/Include -I../Drivers/CMSIS/Include -O0 -ffunction-sections -fdata-sections -Wall -fstack-usage -fcyclomatic-complexity -MMD -MP -MF"Core/Src/stm32f7xx_hal_msp.d" -MT"Core/Src/stm32f7xx_hal_msp.o" --specs=nano.specs -mfpu=fpv5-sp-d16 -mfloat-abi=hard -mthumb -o "Core/Src/stm32f7xx_hal_msp.o"
arm-none-eabi-gcc -o "PID-Motor-Control.elf" @"objects.list"   -mcpu=cortex-m7 -T"C:\Users\Patrycja\Desktop\Studia\5 semestr\SM\PID-Motor-Control\PID-Motor-Control\STM32F746ZGTX_FLASH.ld" --specs=nosys.specs -Wl,-Map="PID-Motor-Control.map" -Wl,--gc-sections -static --specs=nano.specs -mfpu=fpv5-sp-d16 -mfloat-abi=hard -mthumb -Wl,--start-group -lc -lm -Wl,--end-group
Finished building target: PID-Motor-Control.elf
 
arm-none-eabi-size  PID-Motor-Control.elf 
arm-none-eabi-objdump -h -S PID-Motor-Control.elf  > "PID-Motor-Control.list"
   text	   data	    bss	    dec	    hex	filename
  17796	     12	   3108	  20916	   51b4	PID-Motor-Control.elf
Finished building: default.size.stdout
 
Finished building: PID-Motor-Control.list
 
17:16:46 **** Incremental Build of configuration Debug for project PID-Motor-Control ****
make -j12 all 
arm-none-eabi-gcc "../Core/Src/main.c" -mcpu=cortex-m7 -std=gnu11 -g3 -DDEBUG -DUSE_HAL_DRIVER -DSTM32F746xx -c -I../Core/Inc -I../Drivers/STM32F7xx_HAL_Driver/Inc -I../Drivers/STM32F7xx_HAL_Driver/Inc/Legacy -I../Drivers/CMSIS/Device/ST/STM32F7xx/Include -I../Drivers/CMSIS/Include -O0 -ffunction-sections -fdata-sections -Wall -fstack-usage -fcyclomatic-complexity -MMD -MP -MF"Core/Src/main.d" -MT"Core/Src/main.o" --specs=nano.specs -mfpu=fpv5-sp-d16 -mfloat-abi=hard -mthumb -o "Core/Src/main.o"
arm-none-eabi-gcc -o "PID-Motor-Control.elf" @"objects.list"   -mcpu=cortex-m7 -T"C:\Users\Patrycja\Desktop\Studia\5 semestr\SM\PID-Motor-Control\PID-Motor-Control\STM32F746ZGTX_FLASH.ld" --specs=nosys.specs -Wl,-Map="PID-Motor-Control.map" -Wl,--gc-sections -static --specs=nano.specs -mfpu=fpv5-sp-d16 -mfloat-abi=hard -mthumb -Wl,--start-group -lc -lm -Wl,--end-group
Finished building target: PID-Motor-Control.elf
 
arm-none-eabi-size  PID-Motor-Control.elf 
arm-none-eabi-objdump -h -S PID-Motor-Control.elf  > "PID-Motor-Control.list"
   text	   data	    bss	    dec	    hex	filename
  17796	     12	   3108	  20916	   51b4	PID-Motor-Control.elf
Finished building: default.size.stdout
 
Finished building: PID-Motor-Control.list
 
17:25:54 **** Incremental Build of configuration Debug for project PID-Motor-Control ****
make -j12 all 
arm-none-eabi-gcc "../Core/Src/main.c" -mcpu=cortex-m7 -std=gnu11 -g3 -DDEBUG -DUSE_HAL_DRIVER -DSTM32F746xx -c -I../Core/Inc -I../Drivers/STM32F7xx_HAL_Driver/Inc -I../Drivers/STM32F7xx_HAL_Driver/Inc/Legacy -I../Drivers/CMSIS/Device/ST/STM32F7xx/Include -I../Drivers/CMSIS/Include -O0 -ffunction-sections -fdata-sections -Wall -fstack-usage -fcyclomatic-complexity -MMD -MP -MF"Core/Src/main.d" -MT"Core/Src/main.o" --specs=nano.specs -mfpu=fpv5-sp-d16 -mfloat-abi=hard -mthumb -o "Core/Src/main.o"
arm-none-eabi-gcc -o "PID-Motor-Control.elf" @"objects.list"   -mcpu=cortex-m7 -T"C:\Users\Patrycja\Desktop\Studia\5 semestr\SM\PID-Motor-Control\PID-Motor-Control\STM32F746ZGTX_FLASH.ld" --specs=nosys.specs -Wl,-Map="PID-Motor-Control.map" -Wl,--gc-sections -static --specs=nano.specs -mfpu=fpv5-sp-d16 -mfloat-abi=hard -mthumb -Wl,--start-group -lc -lm -Wl,--end-group
Finished building target: PID-Motor-Control.elf
 
arm-none-eabi-size  PID-Motor-Control.elf 
arm-none-eabi-objdump -h -S PID-Motor-Control.elf  > "PID-Motor-Control.list"
   text	   data	    bss	    dec	    hex	filename
  18108	     12	   3108	  21228	   52ec	PID-Motor-Control.elf
Finished building: default.size.stdout
 
Finished building: PID-Motor-Control.list
 
17:30:30 **** Incremental Build of configuration Debug for project PID-Motor-Control ****
make -j12 all 
arm-none-eabi-size  PID-Motor-Control.elf 
   text	   data	    bss	    dec	    hex	filename
  18108	     12	   3108	  21228	   52ec	PID-Motor-Control.elf
Finished building: default.size.stdout
 
18:21:51 **** Incremental Build of configuration Debug for project PID-Motor-Control ****
make -j12 all 
arm-none-eabi-size  PID-Motor-Control.elf 
   text	   data	    bss	    dec	    hex	filename
  18108	     12	   3108	  21228	   52ec	PID-Motor-Control.elf
Finished building: default.size.stdout
 
22:31:51 **** Incremental Build of configuration Debug for project PID-Motor-Control ****
make -j12 all 
arm-none-eabi-gcc "../Core/Src/main.c" -mcpu=cortex-m7 -std=gnu11 -g3 -DDEBUG -DUSE_HAL_DRIVER -DSTM32F746xx -c -I../Core/Inc -I../Drivers/STM32F7xx_HAL_Driver/Inc -I../Drivers/STM32F7xx_HAL_Driver/Inc/Legacy -I../Drivers/CMSIS/Device/ST/STM32F7xx/Include -I../Drivers/CMSIS/Include -O0 -ffunction-sections -fdata-sections -Wall -fstack-usage -fcyclomatic-complexity -MMD -MP -MF"Core/Src/main.d" -MT"Core/Src/main.o" --specs=nano.specs -mfpu=fpv5-sp-d16 -mfloat-abi=hard -mthumb -o "Core/Src/main.o"
arm-none-eabi-gcc "../Core/Src/stm32f7xx_hal_msp.c" -mcpu=cortex-m7 -std=gnu11 -g3 -DDEBUG -DUSE_HAL_DRIVER -DSTM32F746xx -c -I../Core/Inc -I../Drivers/STM32F7xx_HAL_Driver/Inc -I../Drivers/STM32F7xx_HAL_Driver/Inc/Legacy -I../Drivers/CMSIS/Device/ST/STM32F7xx/Include -I../Drivers/CMSIS/Include -O0 -ffunction-sections -fdata-sections -Wall -fstack-usage -fcyclomatic-complexity -MMD -MP -MF"Core/Src/stm32f7xx_hal_msp.d" -MT"Core/Src/stm32f7xx_hal_msp.o" --specs=nano.specs -mfpu=fpv5-sp-d16 -mfloat-abi=hard -mthumb -o "Core/Src/stm32f7xx_hal_msp.o"
arm-none-eabi-gcc "../Core/Src/stm32f7xx_it.c" -mcpu=cortex-m7 -std=gnu11 -g3 -DDEBUG -DUSE_HAL_DRIVER -DSTM32F746xx -c -I../Core/Inc -I../Drivers/STM32F7xx_HAL_Driver/Inc -I../Drivers/STM32F7xx_HAL_Driver/Inc/Legacy -I../Drivers/CMSIS/Device/ST/STM32F7xx/Include -I../Drivers/CMSIS/Include -O0 -ffunction-sections -fdata-sections -Wall -fstack-usage -fcyclomatic-complexity -MMD -MP -MF"Core/Src/stm32f7xx_it.d" -MT"Core/Src/stm32f7xx_it.o" --specs=nano.specs -mfpu=fpv5-sp-d16 -mfloat-abi=hard -mthumb -o "Core/Src/stm32f7xx_it.o"
../Core/Src/main.c: In function 'SendRPM':
../Core/Src/main.c:69:5: warning: implicit declaration of function 'sprintf' [-Wimplicit-function-declaration]
   69 |     sprintf(buffer, "%.2f\n", value);
      |     ^~~~~~~
../Core/Src/main.c:21:1: note: include '<stdio.h>' or provide a declaration of 'sprintf'
   20 | #include "main.h"
  +++ |+#include <stdio.h>
   21 | 
../Core/Src/main.c:69:5: warning: incompatible implicit declaration of built-in function 'sprintf' [-Wbuiltin-declaration-mismatch]
   69 |     sprintf(buffer, "%.2f\n", value);
      |     ^~~~~~~
../Core/Src/main.c:69:5: note: include '<stdio.h>' or provide a declaration of 'sprintf'
../Core/Src/main.c:70:24: error: 'huart2' undeclared (first use in this function); did you mean 'huart3'?
   70 |     HAL_UART_Transmit(&huart2, (uint8_t*)buffer, strlen(buffer), HAL_MAX_DELAY);
      |                        ^~~~~~
      |                        huart3
../Core/Src/main.c:70:24: note: each undeclared identifier is reported only once for each function it appears in
../Core/Src/main.c:70:50: warning: implicit declaration of function 'strlen' [-Wimplicit-function-declaration]
   70 |     HAL_UART_Transmit(&huart2, (uint8_t*)buffer, strlen(buffer), HAL_MAX_DELAY);
      |                                                  ^~~~~~
../Core/Src/main.c:21:1: note: include '<string.h>' or provide a declaration of 'strlen'
   20 | #include "main.h"
  +++ |+#include <string.h>
   21 | 
../Core/Src/main.c:70:50: warning: incompatible implicit declaration of built-in function 'strlen' [-Wbuiltin-declaration-mismatch]
   70 |     HAL_UART_Transmit(&huart2, (uint8_t*)buffer, strlen(buffer), HAL_MAX_DELAY);
      |                                                  ^~~~~~
../Core/Src/main.c:70:50: note: include '<string.h>' or provide a declaration of 'strlen'
make: *** [Core/Src/subdir.mk:34: Core/Src/main.o] Error 1
make: *** Waiting for unfinished jobs....
"make -j12 all" terminated with exit code 2. Build might be incomplete.
22:32:18 **** Incremental Build of configuration Debug for project PID-Motor-Control ****
make -j12 all 
arm-none-eabi-gcc "../Core/Src/main.c" -mcpu=cortex-m7 -std=gnu11 -g3 -DDEBUG -DUSE_HAL_DRIVER -DSTM32F746xx -c -I../Core/Inc -I../Drivers/STM32F7xx_HAL_Driver/Inc -I../Drivers/STM32F7xx_HAL_Driver/Inc/Legacy -I../Drivers/CMSIS/Device/ST/STM32F7xx/Include -I../Drivers/CMSIS/Include -O0 -ffunction-sections -fdata-sections -Wall -fstack-usage -fcyclomatic-complexity -MMD -MP -MF"Core/Src/main.d" -MT"Core/Src/main.o" --specs=nano.specs -mfpu=fpv5-sp-d16 -mfloat-abi=hard -mthumb -o "Core/Src/main.o"
../Core/Src/main.c: In function 'SendRPM':
../Core/Src/main.c:69:5: warning: implicit declaration of function 'sprintf' [-Wimplicit-function-declaration]
   69 |     sprintf(buffer, "%.2f\n", value);
      |     ^~~~~~~
../Core/Src/main.c:21:1: note: include '<stdio.h>' or provide a declaration of 'sprintf'
   20 | #include "main.h"
  +++ |+#include <stdio.h>
   21 | 
../Core/Src/main.c:69:5: warning: incompatible implicit declaration of built-in function 'sprintf' [-Wbuiltin-declaration-mismatch]
   69 |     sprintf(buffer, "%.2f\n", value);
      |     ^~~~~~~
../Core/Src/main.c:69:5: note: include '<stdio.h>' or provide a declaration of 'sprintf'
../Core/Src/main.c:70:24: error: 'huart1' undeclared (first use in this function); did you mean 'huart3'?
   70 |     HAL_UART_Transmit(&huart1, (uint8_t*)buffer, strlen(buffer), HAL_MAX_DELAY);
      |                        ^~~~~~
      |                        huart3
../Core/Src/main.c:70:24: note: each undeclared identifier is reported only once for each function it appears in
../Core/Src/main.c:70:50: warning: implicit declaration of function 'strlen' [-Wimplicit-function-declaration]
   70 |     HAL_UART_Transmit(&huart1, (uint8_t*)buffer, strlen(buffer), HAL_MAX_DELAY);
      |                                                  ^~~~~~
../Core/Src/main.c:21:1: note: include '<string.h>' or provide a declaration of 'strlen'
   20 | #include "main.h"
  +++ |+#include <string.h>
   21 | 
../Core/Src/main.c:70:50: warning: incompatible implicit declaration of built-in function 'strlen' [-Wbuiltin-declaration-mismatch]
   70 |     HAL_UART_Transmit(&huart1, (uint8_t*)buffer, strlen(buffer), HAL_MAX_DELAY);
      |                                                  ^~~~~~
../Core/Src/main.c:70:50: note: include '<string.h>' or provide a declaration of 'strlen'
make: *** [Core/Src/subdir.mk:34: Core/Src/main.o] Error 1
"make -j12 all" terminated with exit code 2. Build might be incomplete.
22:32:52 **** Incremental Build of configuration Debug for project PID-Motor-Control ****
make -j12 all 
arm-none-eabi-gcc "../Core/Src/main.c" -mcpu=cortex-m7 -std=gnu11 -g3 -DDEBUG -DUSE_HAL_DRIVER -DSTM32F746xx -c -I../Core/Inc -I../Drivers/STM32F7xx_HAL_Driver/Inc -I../Drivers/STM32F7xx_HAL_Driver/Inc/Legacy -I../Drivers/CMSIS/Device/ST/STM32F7xx/Include -I../Drivers/CMSIS/Include -O0 -ffunction-sections -fdata-sections -Wall -fstack-usage -fcyclomatic-complexity -MMD -MP -MF"Core/Src/main.d" -MT"Core/Src/main.o" --specs=nano.specs -mfpu=fpv5-sp-d16 -mfloat-abi=hard -mthumb -o "Core/Src/main.o"
../Core/Src/main.c: In function 'SendRPM':
../Core/Src/main.c:70:5: warning: implicit declaration of function 'sprintf' [-Wimplicit-function-declaration]
   70 |     sprintf(buffer, "%.2f\n", value);
      |     ^~~~~~~
../Core/Src/main.c:22:1: note: include '<stdio.h>' or provide a declaration of 'sprintf'
   21 | #include "string.h"
  +++ |+#include <stdio.h>
   22 | 
../Core/Src/main.c:70:5: warning: incompatible implicit declaration of built-in function 'sprintf' [-Wbuiltin-declaration-mismatch]
   70 |     sprintf(buffer, "%.2f\n", value);
      |     ^~~~~~~
../Core/Src/main.c:70:5: note: include '<stdio.h>' or provide a declaration of 'sprintf'
../Core/Src/main.c:71:24: error: 'huart1' undeclared (first use in this function); did you mean 'huart3'?
   71 |     HAL_UART_Transmit(&huart1, (uint8_t*)buffer, strlen(buffer), HAL_MAX_DELAY);
      |                        ^~~~~~
      |                        huart3
../Core/Src/main.c:71:24: note: each undeclared identifier is reported only once for each function it appears in
make: *** [Core/Src/subdir.mk:34: Core/Src/main.o] Error 1
"make -j12 all" terminated with exit code 2. Build might be incomplete.
22:33:10 **** Incremental Build of configuration Debug for project PID-Motor-Control ****
make -j12 all 
arm-none-eabi-gcc "../Core/Src/main.c" -mcpu=cortex-m7 -std=gnu11 -g3 -DDEBUG -DUSE_HAL_DRIVER -DSTM32F746xx -c -I../Core/Inc -I../Drivers/STM32F7xx_HAL_Driver/Inc -I../Drivers/STM32F7xx_HAL_Driver/Inc/Legacy -I../Drivers/CMSIS/Device/ST/STM32F7xx/Include -I../Drivers/CMSIS/Include -O0 -ffunction-sections -fdata-sections -Wall -fstack-usage -fcyclomatic-complexity -MMD -MP -MF"Core/Src/main.d" -MT"Core/Src/main.o" --specs=nano.specs -mfpu=fpv5-sp-d16 -mfloat-abi=hard -mthumb -o "Core/Src/main.o"
../Core/Src/main.c: In function 'SendRPM':
../Core/Src/main.c:70:5: warning: implicit declaration of function 'sprintf' [-Wimplicit-function-declaration]
   70 |     sprintf(buffer, "%.2f\n", value);
      |     ^~~~~~~
../Core/Src/main.c:22:1: note: include '<stdio.h>' or provide a declaration of 'sprintf'
   21 | #include "string.h"
  +++ |+#include <stdio.h>
   22 | 
../Core/Src/main.c:70:5: warning: incompatible implicit declaration of built-in function 'sprintf' [-Wbuiltin-declaration-mismatch]
   70 |     sprintf(buffer, "%.2f\n", value);
      |     ^~~~~~~
../Core/Src/main.c:70:5: note: include '<stdio.h>' or provide a declaration of 'sprintf'
arm-none-eabi-gcc -o "PID-Motor-Control.elf" @"objects.list"   -mcpu=cortex-m7 -T"C:\Users\Patrycja\Desktop\Studia\5 semestr\SM\PID-Motor-Control\PID-Motor-Control\STM32F746ZGTX_FLASH.ld" --specs=nosys.specs -Wl,-Map="PID-Motor-Control.map" -Wl,--gc-sections -static -u _printf_float --specs=nano.specs -mfpu=fpv5-sp-d16 -mfloat-abi=hard -mthumb -Wl,--start-group -lc -lm -Wl,--end-group
Finished building target: PID-Motor-Control.elf
 
arm-none-eabi-size  PID-Motor-Control.elf 
arm-none-eabi-objdump -h -S PID-Motor-Control.elf  > "PID-Motor-Control.list"
   text	   data	    bss	    dec	    hex	filename
  33120	    468	   3444	  37032	   90a8	PID-Motor-Control.elf
Finished building: default.size.stdout
 
Finished building: PID-Motor-Control.list
 
22:40:41 **** Incremental Build of configuration Debug for project PID-Motor-Control ****
make -j12 all 
arm-none-eabi-gcc "../Core/Src/stm32f7xx_it.c" -mcpu=cortex-m7 -std=gnu11 -g3 -DDEBUG -DUSE_HAL_DRIVER -DSTM32F746xx -c -I../Core/Inc -I../Drivers/STM32F7xx_HAL_Driver/Inc -I../Drivers/STM32F7xx_HAL_Driver/Inc/Legacy -I../Drivers/CMSIS/Device/ST/STM32F7xx/Include -I../Drivers/CMSIS/Include -O0 -ffunction-sections -fdata-sections -Wall -fstack-usage -fcyclomatic-complexity -MMD -MP -MF"Core/Src/stm32f7xx_it.d" -MT"Core/Src/stm32f7xx_it.o" --specs=nano.specs -mfpu=fpv5-sp-d16 -mfloat-abi=hard -mthumb -o "Core/Src/stm32f7xx_it.o"
../Core/Src/stm32f7xx_it.c: In function 'TIM1_UP_TIM10_IRQHandler':
../Core/Src/stm32f7xx_it.c:231:9: warning: implicit declaration of function 'SendRPM' [-Wimplicit-function-declaration]
  231 |         SendRPM(rpm);
      |         ^~~~~~~
arm-none-eabi-gcc -o "PID-Motor-Control.elf" @"objects.list"   -mcpu=cortex-m7 -T"C:\Users\Patrycja\Desktop\Studia\5 semestr\SM\PID-Motor-Control\PID-Motor-Control\STM32F746ZGTX_FLASH.ld" --specs=nosys.specs -Wl,-Map="PID-Motor-Control.map" -Wl,--gc-sections -static -u _printf_float --specs=nano.specs -mfpu=fpv5-sp-d16 -mfloat-abi=hard -mthumb -Wl,--start-group -lc -lm -Wl,--end-group
Finished building target: PID-Motor-Control.elf
 
arm-none-eabi-size  PID-Motor-Control.elf 
arm-none-eabi-objdump -h -S PID-Motor-Control.elf  > "PID-Motor-Control.list"
   text	   data	    bss	    dec	    hex	filename
  34744	    468	   3452	  38664	   9708	PID-Motor-Control.elf
Finished building: default.size.stdout
 
Finished building: PID-Motor-Control.list
 
22:57:04 **** Incremental Build of configuration Debug for project PID-Motor-Control ****
make -j12 all 
arm-none-eabi-gcc "../Core/Src/main.c" -mcpu=cortex-m7 -std=gnu11 -g3 -DDEBUG -DUSE_HAL_DRIVER -DSTM32F746xx -c -I../Core/Inc -I../Drivers/STM32F7xx_HAL_Driver/Inc -I../Drivers/STM32F7xx_HAL_Driver/Inc/Legacy -I../Drivers/CMSIS/Device/ST/STM32F7xx/Include -I../Drivers/CMSIS/Include -O0 -ffunction-sections -fdata-sections -Wall -fstack-usage -fcyclomatic-complexity -MMD -MP -MF"Core/Src/main.d" -MT"Core/Src/main.o" --specs=nano.specs -mfpu=fpv5-sp-d16 -mfloat-abi=hard -mthumb -o "Core/Src/main.o"
arm-none-eabi-gcc "../Core/Src/stm32f7xx_hal_msp.c" -mcpu=cortex-m7 -std=gnu11 -g3 -DDEBUG -DUSE_HAL_DRIVER -DSTM32F746xx -c -I../Core/Inc -I../Drivers/STM32F7xx_HAL_Driver/Inc -I../Drivers/STM32F7xx_HAL_Driver/Inc/Legacy -I../Drivers/CMSIS/Device/ST/STM32F7xx/Include -I../Drivers/CMSIS/Include -O0 -ffunction-sections -fdata-sections -Wall -fstack-usage -fcyclomatic-complexity -MMD -MP -MF"Core/Src/stm32f7xx_hal_msp.d" -MT"Core/Src/stm32f7xx_hal_msp.o" --specs=nano.specs -mfpu=fpv5-sp-d16 -mfloat-abi=hard -mthumb -o "Core/Src/stm32f7xx_hal_msp.o"
arm-none-eabi-gcc "../Core/Src/stm32f7xx_it.c" -mcpu=cortex-m7 -std=gnu11 -g3 -DDEBUG -DUSE_HAL_DRIVER -DSTM32F746xx -c -I../Core/Inc -I../Drivers/STM32F7xx_HAL_Driver/Inc -I../Drivers/STM32F7xx_HAL_Driver/Inc/Legacy -I../Drivers/CMSIS/Device/ST/STM32F7xx/Include -I../Drivers/CMSIS/Include -O0 -ffunction-sections -fdata-sections -Wall -fstack-usage -fcyclomatic-complexity -MMD -MP -MF"Core/Src/stm32f7xx_it.d" -MT"Core/Src/stm32f7xx_it.o" --specs=nano.specs -mfpu=fpv5-sp-d16 -mfloat-abi=hard -mthumb -o "Core/Src/stm32f7xx_it.o"
../Core/Src/main.c: In function 'SendRPM':
../Core/Src/main.c:71:5: warning: implicit declaration of function 'sprintf' [-Wimplicit-function-declaration]
   71 |     sprintf(buffer, "%.2f\n", value);
      |     ^~~~~~~
../Core/Src/main.c:21:1: note: include '<stdio.h>' or provide a declaration of 'sprintf'
   20 | #include "main.h"
  +++ |+#include <stdio.h>
   21 | 
../Core/Src/main.c:71:5: warning: incompatible implicit declaration of built-in function 'sprintf' [-Wbuiltin-declaration-mismatch]
   71 |     sprintf(buffer, "%.2f\n", value);
      |     ^~~~~~~
../Core/Src/main.c:71:5: note: include '<stdio.h>' or provide a declaration of 'sprintf'
../Core/Src/main.c:72:50: warning: implicit declaration of function 'strlen' [-Wimplicit-function-declaration]
   72 |     HAL_UART_Transmit(&huart3, (uint8_t*)buffer, strlen(buffer), HAL_MAX_DELAY);
      |                                                  ^~~~~~
../Core/Src/main.c:21:1: note: include '<string.h>' or provide a declaration of 'strlen'
   20 | #include "main.h"
  +++ |+#include <string.h>
   21 | 
../Core/Src/main.c:72:50: warning: incompatible implicit declaration of built-in function 'strlen' [-Wbuiltin-declaration-mismatch]
   72 |     HAL_UART_Transmit(&huart3, (uint8_t*)buffer, strlen(buffer), HAL_MAX_DELAY);
      |                                                  ^~~~~~
../Core/Src/main.c:72:50: note: include '<string.h>' or provide a declaration of 'strlen'
arm-none-eabi-gcc -o "PID-Motor-Control.elf" @"objects.list"   -mcpu=cortex-m7 -T"C:\Users\Patrycja\Desktop\Studia\5 semestr\SM\PID-Motor-Control\PID-Motor-Control\STM32F746ZGTX_FLASH.ld" --specs=nosys.specs -Wl,-Map="PID-Motor-Control.map" -Wl,--gc-sections -static -u _printf_float --specs=nano.specs -mfpu=fpv5-sp-d16 -mfloat-abi=hard -mthumb -Wl,--start-group -lc -lm -Wl,--end-group
Finished building target: PID-Motor-Control.elf
 
arm-none-eabi-size  PID-Motor-Control.elf 
arm-none-eabi-objdump -h -S PID-Motor-Control.elf  > "PID-Motor-Control.list"
   text	   data	    bss	    dec	    hex	filename
  34216	    468	   3524	  38208	   9540	PID-Motor-Control.elf
Finished building: default.size.stdout
 
Finished building: PID-Motor-Control.list
 
23:04:57 **** Incremental Build of configuration Debug for project PID-Motor-Control ****
make -j12 all 
arm-none-eabi-gcc "../Core/Src/main.c" -mcpu=cortex-m7 -std=gnu11 -g3 -DDEBUG -DUSE_HAL_DRIVER -DSTM32F746xx -c -I../Core/Inc -I../Drivers/STM32F7xx_HAL_Driver/Inc -I../Drivers/STM32F7xx_HAL_Driver/Inc/Legacy -I../Drivers/CMSIS/Device/ST/STM32F7xx/Include -I../Drivers/CMSIS/Include -O0 -ffunction-sections -fdata-sections -Wall -fstack-usage -fcyclomatic-complexity -MMD -MP -MF"Core/Src/main.d" -MT"Core/Src/main.o" --specs=nano.specs -mfpu=fpv5-sp-d16 -mfloat-abi=hard -mthumb -o "Core/Src/main.o"
arm-none-eabi-gcc "../Core/Src/stm32f7xx_it.c" -mcpu=cortex-m7 -std=gnu11 -g3 -DDEBUG -DUSE_HAL_DRIVER -DSTM32F746xx -c -I../Core/Inc -I../Drivers/STM32F7xx_HAL_Driver/Inc -I../Drivers/STM32F7xx_HAL_Driver/Inc/Legacy -I../Drivers/CMSIS/Device/ST/STM32F7xx/Include -I../Drivers/CMSIS/Include -O0 -ffunction-sections -fdata-sections -Wall -fstack-usage -fcyclomatic-complexity -MMD -MP -MF"Core/Src/stm32f7xx_it.d" -MT"Core/Src/stm32f7xx_it.o" --specs=nano.specs -mfpu=fpv5-sp-d16 -mfloat-abi=hard -mthumb -o "Core/Src/stm32f7xx_it.o"
In file included from ../Core/Inc/stm32f7xx_hal_conf.h:411,
                 from ../Drivers/STM32F7xx_HAL_Driver/Inc/stm32f7xx_hal.h:29,
                 from ../Core/Inc/main.h:30,
                 from ../Core/Src/stm32f7xx_it.c:21:
../Core/Src/stm32f7xx_it.c: In function 'TIM2_IRQHandler':
../Core/Src/stm32f7xx_it.c:216:58: error: 'htim1' undeclared (first use in this function); did you mean 'htim2'?
  216 |           int32_t encoder_count = __HAL_TIM_GET_COUNTER(&htim1); // Pobierz wartość enkodera
      |                                                          ^~~~~
../Drivers/STM32F7xx_HAL_Driver/Inc/stm32f7xx_hal_tim.h:1438:46: note: in definition of macro '__HAL_TIM_GET_COUNTER'
 1438 | #define __HAL_TIM_GET_COUNTER(__HANDLE__)  ((__HANDLE__)->Instance->CNT)
      |                                              ^~~~~~~~~~
../Core/Src/stm32f7xx_it.c:216:58: note: each undeclared identifier is reported only once for each function it appears in
  216 |           int32_t encoder_count = __HAL_TIM_GET_COUNTER(&htim1); // Pobierz wartość enkodera
      |                                                          ^~~~~
../Drivers/STM32F7xx_HAL_Driver/Inc/stm32f7xx_hal_tim.h:1438:46: note: in definition of macro '__HAL_TIM_GET_COUNTER'
 1438 | #define __HAL_TIM_GET_COUNTER(__HANDLE__)  ((__HANDLE__)->Instance->CNT)
      |                                              ^~~~~~~~~~
../Core/Src/stm32f7xx_it.c:227:11: warning: implicit declaration of function 'sprintf' [-Wimplicit-function-declaration]
  227 |           sprintf(message, "Speed: %.2f RPM\n", speed);
      |           ^~~~~~~
../Core/Src/stm32f7xx_it.c:23:1: note: include '<stdio.h>' or provide a declaration of 'sprintf'
   22 | #include "stm32f7xx_it.h"
  +++ |+#include <stdio.h>
   23 | /* Private includes ----------------------------------------------------------*/
../Core/Src/stm32f7xx_it.c:227:11: warning: incompatible implicit declaration of built-in function 'sprintf' [-Wbuiltin-declaration-mismatch]
  227 |           sprintf(message, "Speed: %.2f RPM\n", speed);
      |           ^~~~~~~
../Core/Src/stm32f7xx_it.c:227:11: note: include '<stdio.h>' or provide a declaration of 'sprintf'
../Core/Src/stm32f7xx_it.c:230:30: error: 'huart2' undeclared (first use in this function)
  230 |           HAL_UART_Transmit(&huart2, (uint8_t*)message, strlen(message), HAL_MAX_DELAY);
      |                              ^~~~~~
../Core/Src/stm32f7xx_it.c:230:57: warning: implicit declaration of function 'strlen' [-Wimplicit-function-declaration]
  230 |           HAL_UART_Transmit(&huart2, (uint8_t*)message, strlen(message), HAL_MAX_DELAY);
      |                                                         ^~~~~~
../Core/Src/stm32f7xx_it.c:23:1: note: include '<string.h>' or provide a declaration of 'strlen'
   22 | #include "stm32f7xx_it.h"
  +++ |+#include <string.h>
   23 | /* Private includes ----------------------------------------------------------*/
../Core/Src/stm32f7xx_it.c:230:57: warning: incompatible implicit declaration of built-in function 'strlen' [-Wbuiltin-declaration-mismatch]
  230 |           HAL_UART_Transmit(&huart2, (uint8_t*)message, strlen(message), HAL_MAX_DELAY);
      |                                                         ^~~~~~
../Core/Src/stm32f7xx_it.c:230:57: note: include '<string.h>' or provide a declaration of 'strlen'
make: *** [Core/Src/subdir.mk:34: Core/Src/stm32f7xx_it.o] Error 1
make: *** Waiting for unfinished jobs....
"make -j12 all" terminated with exit code 2. Build might be incomplete.
23:05:40 **** Incremental Build of configuration Debug for project PID-Motor-Control ****
make -j12 all 
arm-none-eabi-gcc "../Core/Src/stm32f7xx_it.c" -mcpu=cortex-m7 -std=gnu11 -g3 -DDEBUG -DUSE_HAL_DRIVER -DSTM32F746xx -c -I../Core/Inc -I../Drivers/STM32F7xx_HAL_Driver/Inc -I../Drivers/STM32F7xx_HAL_Driver/Inc/Legacy -I../Drivers/CMSIS/Device/ST/STM32F7xx/Include -I../Drivers/CMSIS/Include -O0 -ffunction-sections -fdata-sections -Wall -fstack-usage -fcyclomatic-complexity -MMD -MP -MF"Core/Src/stm32f7xx_it.d" -MT"Core/Src/stm32f7xx_it.o" --specs=nano.specs -mfpu=fpv5-sp-d16 -mfloat-abi=hard -mthumb -o "Core/Src/stm32f7xx_it.o"
In file included from ../Core/Inc/stm32f7xx_hal_conf.h:411,
                 from ../Drivers/STM32F7xx_HAL_Driver/Inc/stm32f7xx_hal.h:29,
                 from ../Core/Inc/main.h:30,
                 from ../Core/Src/stm32f7xx_it.c:21:
../Core/Src/stm32f7xx_it.c: In function 'TIM2_IRQHandler':
../Core/Src/stm32f7xx_it.c:217:58: error: 'htim1' undeclared (first use in this function); did you mean 'htim2'?
  217 |           int32_t encoder_count = __HAL_TIM_GET_COUNTER(&htim1); // Pobierz wartość enkodera
      |                                                          ^~~~~
../Drivers/STM32F7xx_HAL_Driver/Inc/stm32f7xx_hal_tim.h:1438:46: note: in definition of macro '__HAL_TIM_GET_COUNTER'
 1438 | #define __HAL_TIM_GET_COUNTER(__HANDLE__)  ((__HANDLE__)->Instance->CNT)
      |                                              ^~~~~~~~~~
../Core/Src/stm32f7xx_it.c:217:58: note: each undeclared identifier is reported only once for each function it appears in
  217 |           int32_t encoder_count = __HAL_TIM_GET_COUNTER(&htim1); // Pobierz wartość enkodera
      |                                                          ^~~~~
../Drivers/STM32F7xx_HAL_Driver/Inc/stm32f7xx_hal_tim.h:1438:46: note: in definition of macro '__HAL_TIM_GET_COUNTER'
 1438 | #define __HAL_TIM_GET_COUNTER(__HANDLE__)  ((__HANDLE__)->Instance->CNT)
      |                                              ^~~~~~~~~~
../Core/Src/stm32f7xx_it.c:228:11: warning: implicit declaration of function 'sprintf' [-Wimplicit-function-declaration]
  228 |           sprintf(message, "Speed: %.2f RPM\n", speed);
      |           ^~~~~~~
../Core/Src/stm32f7xx_it.c:24:1: note: include '<stdio.h>' or provide a declaration of 'sprintf'
   23 | #include "stm32f7xx_it.h"
  +++ |+#include <stdio.h>
   24 | /* Private includes ----------------------------------------------------------*/
../Core/Src/stm32f7xx_it.c:228:11: warning: incompatible implicit declaration of built-in function 'sprintf' [-Wbuiltin-declaration-mismatch]
  228 |           sprintf(message, "Speed: %.2f RPM\n", speed);
      |           ^~~~~~~
../Core/Src/stm32f7xx_it.c:228:11: note: include '<stdio.h>' or provide a declaration of 'sprintf'
../Core/Src/stm32f7xx_it.c:231:30: error: 'huart2' undeclared (first use in this function)
  231 |           HAL_UART_Transmit(&huart2, (uint8_t*)message, strlen(message), HAL_MAX_DELAY);
      |                              ^~~~~~
make: *** [Core/Src/subdir.mk:34: Core/Src/stm32f7xx_it.o] Error 1
"make -j12 all" terminated with exit code 2. Build might be incomplete.
23:06:43 **** Incremental Build of configuration Debug for project PID-Motor-Control ****
make -j12 all 
arm-none-eabi-gcc "../Core/Src/stm32f7xx_it.c" -mcpu=cortex-m7 -std=gnu11 -g3 -DDEBUG -DUSE_HAL_DRIVER -DSTM32F746xx -c -I../Core/Inc -I../Drivers/STM32F7xx_HAL_Driver/Inc -I../Drivers/STM32F7xx_HAL_Driver/Inc/Legacy -I../Drivers/CMSIS/Device/ST/STM32F7xx/Include -I../Drivers/CMSIS/Include -O0 -ffunction-sections -fdata-sections -Wall -fstack-usage -fcyclomatic-complexity -MMD -MP -MF"Core/Src/stm32f7xx_it.d" -MT"Core/Src/stm32f7xx_it.o" --specs=nano.specs -mfpu=fpv5-sp-d16 -mfloat-abi=hard -mthumb -o "Core/Src/stm32f7xx_it.o"
In file included from ../Core/Inc/stm32f7xx_hal_conf.h:411,
                 from ../Drivers/STM32F7xx_HAL_Driver/Inc/stm32f7xx_hal.h:29,
                 from ../Core/Inc/main.h:30,
                 from ../Core/Src/stm32f7xx_it.c:21:
../Core/Src/stm32f7xx_it.c: In function 'TIM2_IRQHandler':
../Core/Src/stm32f7xx_it.c:217:58: error: 'htim1' undeclared (first use in this function); did you mean 'htim2'?
  217 |           int32_t encoder_count = __HAL_TIM_GET_COUNTER(&htim1); // Pobierz wartość enkodera
      |                                                          ^~~~~
../Drivers/STM32F7xx_HAL_Driver/Inc/stm32f7xx_hal_tim.h:1438:46: note: in definition of macro '__HAL_TIM_GET_COUNTER'
 1438 | #define __HAL_TIM_GET_COUNTER(__HANDLE__)  ((__HANDLE__)->Instance->CNT)
      |                                              ^~~~~~~~~~
../Core/Src/stm32f7xx_it.c:217:58: note: each undeclared identifier is reported only once for each function it appears in
  217 |           int32_t encoder_count = __HAL_TIM_GET_COUNTER(&htim1); // Pobierz wartość enkodera
      |                                                          ^~~~~
../Drivers/STM32F7xx_HAL_Driver/Inc/stm32f7xx_hal_tim.h:1438:46: note: in definition of macro '__HAL_TIM_GET_COUNTER'
 1438 | #define __HAL_TIM_GET_COUNTER(__HANDLE__)  ((__HANDLE__)->Instance->CNT)
      |                                              ^~~~~~~~~~
../Core/Src/stm32f7xx_it.c:228:11: warning: implicit declaration of function 'sprintf' [-Wimplicit-function-declaration]
  228 |           sprintf(message, "Speed: %.2f RPM\n", speed);
      |           ^~~~~~~
../Core/Src/stm32f7xx_it.c:26:1: note: include '<stdio.h>' or provide a declaration of 'sprintf'
   25 | #include "string.h"
  +++ |+#include <stdio.h>
   26 | /* USER CODE END Includes */
../Core/Src/stm32f7xx_it.c:228:11: warning: incompatible implicit declaration of built-in function 'sprintf' [-Wbuiltin-declaration-mismatch]
  228 |           sprintf(message, "Speed: %.2f RPM\n", speed);
      |           ^~~~~~~
../Core/Src/stm32f7xx_it.c:228:11: note: include '<stdio.h>' or provide a declaration of 'sprintf'
../Core/Src/stm32f7xx_it.c:231:30: error: 'huart2' undeclared (first use in this function)
  231 |           HAL_UART_Transmit(&huart2, (uint8_t*)message, strlen(message), HAL_MAX_DELAY);
      |                              ^~~~~~
make: *** [Core/Src/subdir.mk:34: Core/Src/stm32f7xx_it.o] Error 1
"make -j12 all" terminated with exit code 2. Build might be incomplete.
23:07:28 **** Incremental Build of configuration Debug for project PID-Motor-Control ****
make -j12 all 
arm-none-eabi-gcc "../Core/Src/stm32f7xx_it.c" -mcpu=cortex-m7 -std=gnu11 -g3 -DDEBUG -DUSE_HAL_DRIVER -DSTM32F746xx -c -I../Core/Inc -I../Drivers/STM32F7xx_HAL_Driver/Inc -I../Drivers/STM32F7xx_HAL_Driver/Inc/Legacy -I../Drivers/CMSIS/Device/ST/STM32F7xx/Include -I../Drivers/CMSIS/Include -O0 -ffunction-sections -fdata-sections -Wall -fstack-usage -fcyclomatic-complexity -MMD -MP -MF"Core/Src/stm32f7xx_it.d" -MT"Core/Src/stm32f7xx_it.o" --specs=nano.specs -mfpu=fpv5-sp-d16 -mfloat-abi=hard -mthumb -o "Core/Src/stm32f7xx_it.o"
In file included from ../Core/Inc/stm32f7xx_hal_conf.h:411,
                 from ../Drivers/STM32F7xx_HAL_Driver/Inc/stm32f7xx_hal.h:29,
                 from ../Core/Inc/main.h:30,
                 from ../Core/Src/stm32f7xx_it.c:21:
../Core/Src/stm32f7xx_it.c: In function 'TIM2_IRQHandler':
../Core/Src/stm32f7xx_it.c:217:58: error: 'htim1' undeclared (first use in this function); did you mean 'htim2'?
  217 |           int32_t encoder_count = __HAL_TIM_GET_COUNTER(&htim1); // Pobierz wartość enkodera
      |                                                          ^~~~~
../Drivers/STM32F7xx_HAL_Driver/Inc/stm32f7xx_hal_tim.h:1438:46: note: in definition of macro '__HAL_TIM_GET_COUNTER'
 1438 | #define __HAL_TIM_GET_COUNTER(__HANDLE__)  ((__HANDLE__)->Instance->CNT)
      |                                              ^~~~~~~~~~
../Core/Src/stm32f7xx_it.c:217:58: note: each undeclared identifier is reported only once for each function it appears in
  217 |           int32_t encoder_count = __HAL_TIM_GET_COUNTER(&htim1); // Pobierz wartość enkodera
      |                                                          ^~~~~
../Drivers/STM32F7xx_HAL_Driver/Inc/stm32f7xx_hal_tim.h:1438:46: note: in definition of macro '__HAL_TIM_GET_COUNTER'
 1438 | #define __HAL_TIM_GET_COUNTER(__HANDLE__)  ((__HANDLE__)->Instance->CNT)
      |                                              ^~~~~~~~~~
../Core/Src/stm32f7xx_it.c:228:11: warning: implicit declaration of function 'sprintf' [-Wimplicit-function-declaration]
  228 |           sprintf(message, "Speed: %.2f RPM\n", speed);
      |           ^~~~~~~
../Core/Src/stm32f7xx_it.c:26:1: note: include '<stdio.h>' or provide a declaration of 'sprintf'
   25 | #include "string.h"
  +++ |+#include <stdio.h>
   26 | /* USER CODE END Includes */
../Core/Src/stm32f7xx_it.c:228:11: warning: incompatible implicit declaration of built-in function 'sprintf' [-Wbuiltin-declaration-mismatch]
  228 |           sprintf(message, "Speed: %.2f RPM\n", speed);
      |           ^~~~~~~
../Core/Src/stm32f7xx_it.c:228:11: note: include '<stdio.h>' or provide a declaration of 'sprintf'
../Core/Src/stm32f7xx_it.c:231:30: error: 'huart3' undeclared (first use in this function)
  231 |           HAL_UART_Transmit(&huart3, (uint8_t*)message, strlen(message), HAL_MAX_DELAY);
      |                              ^~~~~~
make: *** [Core/Src/subdir.mk:34: Core/Src/stm32f7xx_it.o] Error 1
"make -j12 all" terminated with exit code 2. Build might be incomplete.
23:08:07 **** Incremental Build of configuration Debug for project PID-Motor-Control ****
make -j12 all 
arm-none-eabi-gcc "../Core/Src/stm32f7xx_it.c" -mcpu=cortex-m7 -std=gnu11 -g3 -DDEBUG -DUSE_HAL_DRIVER -DSTM32F746xx -c -I../Core/Inc -I../Drivers/STM32F7xx_HAL_Driver/Inc -I../Drivers/STM32F7xx_HAL_Driver/Inc/Legacy -I../Drivers/CMSIS/Device/ST/STM32F7xx/Include -I../Drivers/CMSIS/Include -O0 -ffunction-sections -fdata-sections -Wall -fstack-usage -fcyclomatic-complexity -MMD -MP -MF"Core/Src/stm32f7xx_it.d" -MT"Core/Src/stm32f7xx_it.o" --specs=nano.specs -mfpu=fpv5-sp-d16 -mfloat-abi=hard -mthumb -o "Core/Src/stm32f7xx_it.o"
In file included from ../Core/Inc/stm32f7xx_hal_conf.h:411,
                 from ../Drivers/STM32F7xx_HAL_Driver/Inc/stm32f7xx_hal.h:29,
                 from ../Core/Inc/main.h:30,
                 from ../Core/Src/stm32f7xx_it.c:21:
../Core/Src/stm32f7xx_it.c: In function 'TIM2_IRQHandler':
../Core/Src/stm32f7xx_it.c:217:58: error: 'htim1' undeclared (first use in this function); did you mean 'htim2'?
  217 |           int32_t encoder_count = __HAL_TIM_GET_COUNTER(&htim1); // Pobierz wartość enkodera
      |                                                          ^~~~~
../Drivers/STM32F7xx_HAL_Driver/Inc/stm32f7xx_hal_tim.h:1438:46: note: in definition of macro '__HAL_TIM_GET_COUNTER'
 1438 | #define __HAL_TIM_GET_COUNTER(__HANDLE__)  ((__HANDLE__)->Instance->CNT)
      |                                              ^~~~~~~~~~
../Core/Src/stm32f7xx_it.c:217:58: note: each undeclared identifier is reported only once for each function it appears in
  217 |           int32_t encoder_count = __HAL_TIM_GET_COUNTER(&htim1); // Pobierz wartość enkodera
      |                                                          ^~~~~
../Drivers/STM32F7xx_HAL_Driver/Inc/stm32f7xx_hal_tim.h:1438:46: note: in definition of macro '__HAL_TIM_GET_COUNTER'
 1438 | #define __HAL_TIM_GET_COUNTER(__HANDLE__)  ((__HANDLE__)->Instance->CNT)
      |                                              ^~~~~~~~~~
../Core/Src/stm32f7xx_it.c:228:11: warning: implicit declaration of function 'sprintf' [-Wimplicit-function-declaration]
  228 |           sprintf(message, "Speed: %.2f RPM\n", speed);
      |           ^~~~~~~
../Core/Src/stm32f7xx_it.c:26:1: note: include '<stdio.h>' or provide a declaration of 'sprintf'
   25 | #include "string.h"
  +++ |+#include <stdio.h>
   26 | /* USER CODE END Includes */
../Core/Src/stm32f7xx_it.c:228:11: warning: incompatible implicit declaration of built-in function 'sprintf' [-Wbuiltin-declaration-mismatch]
  228 |           sprintf(message, "Speed: %.2f RPM\n", speed);
      |           ^~~~~~~
../Core/Src/stm32f7xx_it.c:228:11: note: include '<stdio.h>' or provide a declaration of 'sprintf'
make: *** [Core/Src/subdir.mk:34: Core/Src/stm32f7xx_it.o] Error 1
"make -j12 all" terminated with exit code 2. Build might be incomplete.
23:08:41 **** Incremental Build of configuration Debug for project PID-Motor-Control ****
make -j12 all 
arm-none-eabi-gcc "../Core/Src/stm32f7xx_it.c" -mcpu=cortex-m7 -std=gnu11 -g3 -DDEBUG -DUSE_HAL_DRIVER -DSTM32F746xx -c -I../Core/Inc -I../Drivers/STM32F7xx_HAL_Driver/Inc -I../Drivers/STM32F7xx_HAL_Driver/Inc/Legacy -I../Drivers/CMSIS/Device/ST/STM32F7xx/Include -I../Drivers/CMSIS/Include -O0 -ffunction-sections -fdata-sections -Wall -fstack-usage -fcyclomatic-complexity -MMD -MP -MF"Core/Src/stm32f7xx_it.d" -MT"Core/Src/stm32f7xx_it.o" --specs=nano.specs -mfpu=fpv5-sp-d16 -mfloat-abi=hard -mthumb -o "Core/Src/stm32f7xx_it.o"
../Core/Src/stm32f7xx_it.c: In function 'TIM2_IRQHandler':
../Core/Src/stm32f7xx_it.c:229:11: warning: implicit declaration of function 'sprintf' [-Wimplicit-function-declaration]
  229 |           sprintf(message, "Speed: %.2f RPM\n", speed);
      |           ^~~~~~~
../Core/Src/stm32f7xx_it.c:27:1: note: include '<stdio.h>' or provide a declaration of 'sprintf'
   26 | #include "main.c"
  +++ |+#include <stdio.h>
   27 | /* USER CODE END Includes */
../Core/Src/stm32f7xx_it.c:229:11: warning: incompatible implicit declaration of built-in function 'sprintf' [-Wbuiltin-declaration-mismatch]
  229 |           sprintf(message, "Speed: %.2f RPM\n", speed);
      |           ^~~~~~~
../Core/Src/stm32f7xx_it.c:229:11: note: include '<stdio.h>' or provide a declaration of 'sprintf'
arm-none-eabi-gcc -o "PID-Motor-Control.elf" @"objects.list"   -mcpu=cortex-m7 -T"C:\Users\Patrycja\Desktop\Studia\5 semestr\SM\PID-Motor-Control\PID-Motor-Control\STM32F746ZGTX_FLASH.ld" --specs=nosys.specs -Wl,-Map="PID-Motor-Control.map" -Wl,--gc-sections -static -u _printf_float --specs=nano.specs -mfpu=fpv5-sp-d16 -mfloat-abi=hard -mthumb -Wl,--start-group -lc -lm -Wl,--end-group
C:/ST/STM32CubeIDE_1.16.1/STM32CubeIDE/plugins/com.st.stm32cube.ide.mcu.externaltools.gnu-tools-for-stm32.12.3.rel1.win32_1.0.200.202406191623/tools/bin/../lib/gcc/arm-none-eabi/12.3.1/../../../../arm-none-eabi/bin/ld.exe: ./Core/Src/stm32f7xx_it.o:C:/Users/Patrycja/Desktop/Studia/5 semestr/SM/PID-Motor-Control/PID-Motor-Control/Debug/../Core/Src/main.c:44: multiple definition of `htim1'; ./Core/Src/main.o:C:/Users/Patrycja/Desktop/Studia/5 semestr/SM/PID-Motor-Control/PID-Motor-Control/Debug/../Core/Src/main.c:44: first defined here
C:/ST/STM32CubeIDE_1.16.1/STM32CubeIDE/plugins/com.st.stm32cube.ide.mcu.externaltools.gnu-tools-for-stm32.12.3.rel1.win32_1.0.200.202406191623/tools/bin/../lib/gcc/arm-none-eabi/12.3.1/../../../../arm-none-eabi/bin/ld.exe: ./Core/Src/stm32f7xx_it.o:C:/Users/Patrycja/Desktop/Studia/5 semestr/SM/PID-Motor-Control/PID-Motor-Control/Debug/../Core/Src/main.c:45: multiple definition of `htim2'; ./Core/Src/main.o:C:/Users/Patrycja/Desktop/Studia/5 semestr/SM/PID-Motor-Control/PID-Motor-Control/Debug/../Core/Src/main.c:45: first defined here
C:/ST/STM32CubeIDE_1.16.1/STM32CubeIDE/plugins/com.st.stm32cube.ide.mcu.externaltools.gnu-tools-for-stm32.12.3.rel1.win32_1.0.200.202406191623/tools/bin/../lib/gcc/arm-none-eabi/12.3.1/../../../../arm-none-eabi/bin/ld.exe: ./Core/Src/stm32f7xx_it.o:C:/Users/Patrycja/Desktop/Studia/5 semestr/SM/PID-Motor-Control/PID-Motor-Control/Debug/../Core/Src/main.c:46: multiple definition of `htim3'; ./Core/Src/main.o:C:/Users/Patrycja/Desktop/Studia/5 semestr/SM/PID-Motor-Control/PID-Motor-Control/Debug/../Core/Src/main.c:46: first defined here
C:/ST/STM32CubeIDE_1.16.1/STM32CubeIDE/plugins/com.st.stm32cube.ide.mcu.externaltools.gnu-tools-for-stm32.12.3.rel1.win32_1.0.200.202406191623/tools/bin/../lib/gcc/arm-none-eabi/12.3.1/../../../../arm-none-eabi/bin/ld.exe: ./Core/Src/stm32f7xx_it.o:C:/Users/Patrycja/Desktop/Studia/5 semestr/SM/PID-Motor-Control/PID-Motor-Control/Debug/../Core/Src/main.c:48: multiple definition of `huart3'; ./Core/Src/main.o:C:/Users/Patrycja/Desktop/Studia/5 semestr/SM/PID-Motor-Control/PID-Motor-Control/Debug/../Core/Src/main.c:48: first defined here
C:/ST/STM32CubeIDE_1.16.1/STM32CubeIDE/plugins/com.st.stm32cube.ide.mcu.externaltools.gnu-tools-for-stm32.12.3.rel1.win32_1.0.200.202406191623/tools/bin/../lib/gcc/arm-none-eabi/12.3.1/../../../../arm-none-eabi/bin/ld.exe: ./Core/Src/stm32f7xx_it.o:C:/Users/Patrycja/Desktop/Studia/5 semestr/SM/PID-Motor-Control/PID-Motor-Control/Debug/../Core/Src/main.c:50: multiple definition of `hpcd_USB_OTG_FS'; ./Core/Src/main.o:C:/Users/Patrycja/Desktop/Studia/5 semestr/SM/PID-Motor-Control/PID-Motor-Control/Debug/../Core/Src/main.c:50: first defined here
C:/ST/STM32CubeIDE_1.16.1/STM32CubeIDE/plugins/com.st.stm32cube.ide.mcu.externaltools.gnu-tools-for-stm32.12.3.rel1.win32_1.0.200.202406191623/tools/bin/../lib/gcc/arm-none-eabi/12.3.1/../../../../arm-none-eabi/bin/ld.exe: ./Core/Src/stm32f7xx_it.o:C:/Users/Patrycja/Desktop/Studia/5 semestr/SM/PID-Motor-Control/PID-Motor-Control/Debug/../Core/Src/main.c:54: multiple definition of `encoder_position'; ./Core/Src/main.o:C:/Users/Patrycja/Desktop/Studia/5 semestr/SM/PID-Motor-Control/PID-Motor-Control/Debug/../Core/Src/main.c:54: first defined here
C:/ST/STM32CubeIDE_1.16.1/STM32CubeIDE/plugins/com.st.stm32cube.ide.mcu.externaltools.gnu-tools-for-stm32.12.3.rel1.win32_1.0.200.202406191623/tools/bin/../lib/gcc/arm-none-eabi/12.3.1/../../../../arm-none-eabi/bin/ld.exe: ./Core/Src/stm32f7xx_it.o: in function `main':
C:/Users/Patrycja/Desktop/Studia/5 semestr/SM/PID-Motor-Control/PID-Motor-Control/Debug/../Core/Src/main.c:80: multiple definition of `main'; ./Core/Src/main.o:C:/Users/Patrycja/Desktop/Studia/5 semestr/SM/PID-Motor-Control/PID-Motor-Control/Debug/../Core/Src/main.c:80: first defined here
C:/ST/STM32CubeIDE_1.16.1/STM32CubeIDE/plugins/com.st.stm32cube.ide.mcu.externaltools.gnu-tools-for-stm32.12.3.rel1.win32_1.0.200.202406191623/tools/bin/../lib/gcc/arm-none-eabi/12.3.1/../../../../arm-none-eabi/bin/ld.exe: ./Core/Src/stm32f7xx_it.o: in function `SystemClock_Config':
C:/Users/Patrycja/Desktop/Studia/5 semestr/SM/PID-Motor-Control/PID-Motor-Control/Debug/../Core/Src/main.c:138: multiple definition of `SystemClock_Config'; ./Core/Src/main.o:C:/Users/Patrycja/Desktop/Studia/5 semestr/SM/PID-Motor-Control/PID-Motor-Control/Debug/../Core/Src/main.c:138: first defined here
C:/ST/STM32CubeIDE_1.16.1/STM32CubeIDE/plugins/com.st.stm32cube.ide.mcu.externaltools.gnu-tools-for-stm32.12.3.rel1.win32_1.0.200.202406191623/tools/bin/../lib/gcc/arm-none-eabi/12.3.1/../../../../arm-none-eabi/bin/ld.exe: ./Core/Src/stm32f7xx_it.o: in function `Error_Handler':
C:/Users/Patrycja/Desktop/Studia/5 semestr/SM/PID-Motor-Control/PID-Motor-Control/Debug/../Core/Src/main.c:496: multiple definition of `Error_Handler'; ./Core/Src/main.o:C:/Users/Patrycja/Desktop/Studia/5 semestr/SM/PID-Motor-Control/PID-Motor-Control/Debug/../Core/Src/main.c:496: first defined here
collect2.exe: error: ld returned 1 exit status
make: *** [makefile:64: PID-Motor-Control.elf] Error 1
"make -j12 all" terminated with exit code 2. Build might be incomplete.
23:10:08 **** Incremental Build of configuration Debug for project PID-Motor-Control ****
make -j12 all 
arm-none-eabi-gcc "../Core/Src/stm32f7xx_it.c" -mcpu=cortex-m7 -std=gnu11 -g3 -DDEBUG -DUSE_HAL_DRIVER -DSTM32F746xx -c -I../Core/Inc -I../Drivers/STM32F7xx_HAL_Driver/Inc -I../Drivers/STM32F7xx_HAL_Driver/Inc/Legacy -I../Drivers/CMSIS/Device/ST/STM32F7xx/Include -I../Drivers/CMSIS/Include -O0 -ffunction-sections -fdata-sections -Wall -fstack-usage -fcyclomatic-complexity -MMD -MP -MF"Core/Src/stm32f7xx_it.d" -MT"Core/Src/stm32f7xx_it.o" --specs=nano.specs -mfpu=fpv5-sp-d16 -mfloat-abi=hard -mthumb -o "Core/Src/stm32f7xx_it.o"
In file included from ../Core/Inc/stm32f7xx_hal_conf.h:411,
                 from ../Drivers/STM32F7xx_HAL_Driver/Inc/stm32f7xx_hal.h:29,
                 from ../Core/Inc/main.h:30,
                 from ../Core/Src/stm32f7xx_it.c:21:
../Core/Src/stm32f7xx_it.c: In function 'TIM2_IRQHandler':
../Core/Src/stm32f7xx_it.c:217:58: error: 'htim1' undeclared (first use in this function); did you mean 'htim2'?
  217 |           int32_t encoder_count = __HAL_TIM_GET_COUNTER(&htim1); // Pobierz wartość enkodera
      |                                                          ^~~~~
../Drivers/STM32F7xx_HAL_Driver/Inc/stm32f7xx_hal_tim.h:1438:46: note: in definition of macro '__HAL_TIM_GET_COUNTER'
 1438 | #define __HAL_TIM_GET_COUNTER(__HANDLE__)  ((__HANDLE__)->Instance->CNT)
      |                                              ^~~~~~~~~~
../Core/Src/stm32f7xx_it.c:217:58: note: each undeclared identifier is reported only once for each function it appears in
  217 |           int32_t encoder_count = __HAL_TIM_GET_COUNTER(&htim1); // Pobierz wartość enkodera
      |                                                          ^~~~~
../Drivers/STM32F7xx_HAL_Driver/Inc/stm32f7xx_hal_tim.h:1438:46: note: in definition of macro '__HAL_TIM_GET_COUNTER'
 1438 | #define __HAL_TIM_GET_COUNTER(__HANDLE__)  ((__HANDLE__)->Instance->CNT)
      |                                              ^~~~~~~~~~
../Core/Src/stm32f7xx_it.c:228:11: warning: implicit declaration of function 'sprintf' [-Wimplicit-function-declaration]
  228 |           sprintf(message, "Speed: %.2f RPM\n", speed);
      |           ^~~~~~~
../Core/Src/stm32f7xx_it.c:23:1: note: include '<stdio.h>' or provide a declaration of 'sprintf'
   22 | #include "stm32f7xx_it.h"
  +++ |+#include <stdio.h>
   23 | /* Private includes ----------------------------------------------------------*/
../Core/Src/stm32f7xx_it.c:228:11: warning: incompatible implicit declaration of built-in function 'sprintf' [-Wbuiltin-declaration-mismatch]
  228 |           sprintf(message, "Speed: %.2f RPM\n", speed);
      |           ^~~~~~~
../Core/Src/stm32f7xx_it.c:228:11: note: include '<stdio.h>' or provide a declaration of 'sprintf'
../Core/Src/stm32f7xx_it.c:231:30: error: 'huart3' undeclared (first use in this function)
  231 |           HAL_UART_Transmit(&huart3, (uint8_t*)message, strlen(message), HAL_MAX_DELAY);
      |                              ^~~~~~
../Core/Src/stm32f7xx_it.c:231:57: warning: implicit declaration of function 'strlen' [-Wimplicit-function-declaration]
  231 |           HAL_UART_Transmit(&huart3, (uint8_t*)message, strlen(message), HAL_MAX_DELAY);
      |                                                         ^~~~~~
../Core/Src/stm32f7xx_it.c:23:1: note: include '<string.h>' or provide a declaration of 'strlen'
   22 | #include "stm32f7xx_it.h"
  +++ |+#include <string.h>
   23 | /* Private includes ----------------------------------------------------------*/
../Core/Src/stm32f7xx_it.c:231:57: warning: incompatible implicit declaration of built-in function 'strlen' [-Wbuiltin-declaration-mismatch]
  231 |           HAL_UART_Transmit(&huart3, (uint8_t*)message, strlen(message), HAL_MAX_DELAY);
      |                                                         ^~~~~~
../Core/Src/stm32f7xx_it.c:231:57: note: include '<string.h>' or provide a declaration of 'strlen'
make: *** [Core/Src/subdir.mk:34: Core/Src/stm32f7xx_it.o] Error 1
"make -j12 all" terminated with exit code 2. Build might be incomplete.
23:14:28 **** Incremental Build of configuration Debug for project PID-Motor-Control ****
make -j12 all 
arm-none-eabi-gcc "../Core/Src/stm32f7xx_it.c" -mcpu=cortex-m7 -std=gnu11 -g3 -DDEBUG -DUSE_HAL_DRIVER -DSTM32F746xx -c -I../Core/Inc -I../Drivers/STM32F7xx_HAL_Driver/Inc -I../Drivers/STM32F7xx_HAL_Driver/Inc/Legacy -I../Drivers/CMSIS/Device/ST/STM32F7xx/Include -I../Drivers/CMSIS/Include -O0 -ffunction-sections -fdata-sections -Wall -fstack-usage -fcyclomatic-complexity -MMD -MP -MF"Core/Src/stm32f7xx_it.d" -MT"Core/Src/stm32f7xx_it.o" --specs=nano.specs -mfpu=fpv5-sp-d16 -mfloat-abi=hard -mthumb -o "Core/Src/stm32f7xx_it.o"
arm-none-eabi-gcc -o "PID-Motor-Control.elf" @"objects.list"   -mcpu=cortex-m7 -T"C:\Users\Patrycja\Desktop\Studia\5 semestr\SM\PID-Motor-Control\PID-Motor-Control\STM32F746ZGTX_FLASH.ld" --specs=nosys.specs -Wl,-Map="PID-Motor-Control.map" -Wl,--gc-sections -static -u _printf_float --specs=nano.specs -mfpu=fpv5-sp-d16 -mfloat-abi=hard -mthumb -Wl,--start-group -lc -lm -Wl,--end-group
Finished building target: PID-Motor-Control.elf
 
arm-none-eabi-size  PID-Motor-Control.elf 
arm-none-eabi-objdump -h -S PID-Motor-Control.elf  > "PID-Motor-Control.list"
   text	   data	    bss	    dec	    hex	filename
  35840	    468	   3524	  39832	   9b98	PID-Motor-Control.elf
Finished building: default.size.stdout
 
Finished building: PID-Motor-Control.list
 
22:15:36 **** Incremental Build of configuration Debug for project PID-Motor-Control ****
make -j12 all 
arm-none-eabi-gcc "../Core/Src/main.c" -mcpu=cortex-m7 -std=gnu11 -g3 -DDEBUG -DUSE_HAL_DRIVER -DSTM32F746xx -c -I../Core/Inc -I../Drivers/STM32F7xx_HAL_Driver/Inc -I../Drivers/STM32F7xx_HAL_Driver/Inc/Legacy -I../Drivers/CMSIS/Device/ST/STM32F7xx/Include -I../Drivers/CMSIS/Include -O0 -ffunction-sections -fdata-sections -Wall -fstack-usage -fcyclomatic-complexity -MMD -MP -MF"Core/Src/main.d" -MT"Core/Src/main.o" --specs=nano.specs -mfpu=fpv5-sp-d16 -mfloat-abi=hard -mthumb -o "Core/Src/main.o"
arm-none-eabi-gcc "../Core/Src/stm32f7xx_it.c" -mcpu=cortex-m7 -std=gnu11 -g3 -DDEBUG -DUSE_HAL_DRIVER -DSTM32F746xx -c -I../Core/Inc -I../Drivers/STM32F7xx_HAL_Driver/Inc -I../Drivers/STM32F7xx_HAL_Driver/Inc/Legacy -I../Drivers/CMSIS/Device/ST/STM32F7xx/Include -I../Drivers/CMSIS/Include -O0 -ffunction-sections -fdata-sections -Wall -fstack-usage -fcyclomatic-complexity -MMD -MP -MF"Core/Src/stm32f7xx_it.d" -MT"Core/Src/stm32f7xx_it.o" --specs=nano.specs -mfpu=fpv5-sp-d16 -mfloat-abi=hard -mthumb -o "Core/Src/stm32f7xx_it.o"
../Core/Src/main.c: In function 'main':
../Core/Src/main.c:124:11: warning: implicit declaration of function 'sprintf' [-Wimplicit-function-declaration]
  124 |           sprintf(message, "Speed: %.2f RPM\n", speed);
      |           ^~~~~~~
../Core/Src/main.c:21:1: note: include '<stdio.h>' or provide a declaration of 'sprintf'
   20 | #include "main.h"
  +++ |+#include <stdio.h>
   21 | 
../Core/Src/main.c:124:11: warning: incompatible implicit declaration of built-in function 'sprintf' [-Wbuiltin-declaration-mismatch]
  124 |           sprintf(message, "Speed: %.2f RPM\n", speed);
      |           ^~~~~~~
../Core/Src/main.c:124:11: note: include '<stdio.h>' or provide a declaration of 'sprintf'
../Core/Src/main.c:124:49: error: 'speed' undeclared (first use in this function)
  124 |           sprintf(message, "Speed: %.2f RPM\n", speed);
      |                                                 ^~~~~
../Core/Src/main.c:124:49: note: each undeclared identifier is reported only once for each function it appears in
../Core/Src/main.c:125:57: warning: implicit declaration of function 'strlen' [-Wimplicit-function-declaration]
  125 |           HAL_UART_Transmit(&huart3, (uint8_t*)message, strlen(message), HAL_MAX_DELAY);
      |                                                         ^~~~~~
../Core/Src/main.c:21:1: note: include '<string.h>' or provide a declaration of 'strlen'
   20 | #include "main.h"
  +++ |+#include <string.h>
   21 | 
../Core/Src/main.c:125:57: warning: incompatible implicit declaration of built-in function 'strlen' [-Wbuiltin-declaration-mismatch]
  125 |           HAL_UART_Transmit(&huart3, (uint8_t*)message, strlen(message), HAL_MAX_DELAY);
      |                                                         ^~~~~~
../Core/Src/main.c:125:57: note: include '<string.h>' or provide a declaration of 'strlen'
make: *** [Core/Src/subdir.mk:34: Core/Src/main.o] Error 1
make: *** Waiting for unfinished jobs....
"make -j12 all" terminated with exit code 2. Build might be incomplete.
22:16:10 **** Incremental Build of configuration Debug for project PID-Motor-Control ****
make -j12 all 
arm-none-eabi-gcc "../Core/Src/main.c" -mcpu=cortex-m7 -std=gnu11 -g3 -DDEBUG -DUSE_HAL_DRIVER -DSTM32F746xx -c -I../Core/Inc -I../Drivers/STM32F7xx_HAL_Driver/Inc -I../Drivers/STM32F7xx_HAL_Driver/Inc/Legacy -I../Drivers/CMSIS/Device/ST/STM32F7xx/Include -I../Drivers/CMSIS/Include -O0 -ffunction-sections -fdata-sections -Wall -fstack-usage -fcyclomatic-complexity -MMD -MP -MF"Core/Src/main.d" -MT"Core/Src/main.o" --specs=nano.specs -mfpu=fpv5-sp-d16 -mfloat-abi=hard -mthumb -o "Core/Src/main.o"
../Core/Src/main.c: In function 'main':
../Core/Src/main.c:126:11: warning: implicit declaration of function 'sprintf' [-Wimplicit-function-declaration]
  126 |           sprintf(message, "Speed: %.2f RPM\n", speed);
      |           ^~~~~~~
../Core/Src/main.c:26:1: note: include '<stdio.h>' or provide a declaration of 'sprintf'
   25 | #include "string.h"
  +++ |+#include <stdio.h>
   26 | 
../Core/Src/main.c:126:11: warning: incompatible implicit declaration of built-in function 'sprintf' [-Wbuiltin-declaration-mismatch]
  126 |           sprintf(message, "Speed: %.2f RPM\n", speed);
      |           ^~~~~~~
../Core/Src/main.c:126:11: note: include '<stdio.h>' or provide a declaration of 'sprintf'
../Core/Src/main.c:126:49: error: 'speed' undeclared (first use in this function)
  126 |           sprintf(message, "Speed: %.2f RPM\n", speed);
      |                                                 ^~~~~
../Core/Src/main.c:126:49: note: each undeclared identifier is reported only once for each function it appears in
make: *** [Core/Src/subdir.mk:34: Core/Src/main.o] Error 1
"make -j12 all" terminated with exit code 2. Build might be incomplete.
22:17:30 **** Incremental Build of configuration Debug for project PID-Motor-Control ****
make -j12 all 
arm-none-eabi-gcc "../Core/Src/main.c" -mcpu=cortex-m7 -std=gnu11 -g3 -DDEBUG -DUSE_HAL_DRIVER -DSTM32F746xx -c -I../Core/Inc -I../Drivers/STM32F7xx_HAL_Driver/Inc -I../Drivers/STM32F7xx_HAL_Driver/Inc/Legacy -I../Drivers/CMSIS/Device/ST/STM32F7xx/Include -I../Drivers/CMSIS/Include -O0 -ffunction-sections -fdata-sections -Wall -fstack-usage -fcyclomatic-complexity -MMD -MP -MF"Core/Src/main.d" -MT"Core/Src/main.o" --specs=nano.specs -mfpu=fpv5-sp-d16 -mfloat-abi=hard -mthumb -o "Core/Src/main.o"
../Core/Src/main.c: In function 'main':
../Core/Src/main.c:127:39: warning: format '%f' expects argument of type 'double', but argument 3 has type 'int32_t' {aka 'long int'} [-Wformat=]
  127 |           sprintf(message, "Speed: %.2f RPM\n", encoder_position);
      |                                    ~~~^         ~~~~~~~~~~~~~~~~
      |                                       |         |
      |                                       double    int32_t {aka long int}
      |                                    %.2ld
arm-none-eabi-gcc -o "PID-Motor-Control.elf" @"objects.list"   -mcpu=cortex-m7 -T"C:\Users\Patrycja\Desktop\Studia\5 semestr\SM\PID-Motor-Control\PID-Motor-Control\STM32F746ZGTX_FLASH.ld" --specs=nosys.specs -Wl,-Map="PID-Motor-Control.map" -Wl,--gc-sections -static -u _printf_float --specs=nano.specs -mfpu=fpv5-sp-d16 -mfloat-abi=hard -mthumb -Wl,--start-group -lc -lm -Wl,--end-group
Finished building target: PID-Motor-Control.elf
 
arm-none-eabi-size  PID-Motor-Control.elf 
arm-none-eabi-objdump -h -S PID-Motor-Control.elf  > "PID-Motor-Control.list"
   text	   data	    bss	    dec	    hex	filename
  35736	    468	   3572	  39776	   9b60	PID-Motor-Control.elf
Finished building: default.size.stdout
 
Finished building: PID-Motor-Control.list
 
22:19:28 **** Incremental Build of configuration Debug for project PID-Motor-Control ****
make -j12 all 
arm-none-eabi-gcc "../Core/Src/main.c" -mcpu=cortex-m7 -std=gnu11 -g3 -DDEBUG -DUSE_HAL_DRIVER -DSTM32F746xx -c -I../Core/Inc -I../Drivers/STM32F7xx_HAL_Driver/Inc -I../Drivers/STM32F7xx_HAL_Driver/Inc/Legacy -I../Drivers/CMSIS/Device/ST/STM32F7xx/Include -I../Drivers/CMSIS/Include -O0 -ffunction-sections -fdata-sections -Wall -fstack-usage -fcyclomatic-complexity -MMD -MP -MF"Core/Src/main.d" -MT"Core/Src/main.o" --specs=nano.specs -mfpu=fpv5-sp-d16 -mfloat-abi=hard -mthumb -o "Core/Src/main.o"
../Core/Src/main.c: In function 'main':
../Core/Src/main.c:127:38: warning: format '%i' expects argument of type 'int', but argument 3 has type 'int32_t' {aka 'long int'} [-Wformat=]
  127 |           sprintf(message, "Speed: %4i RPM\n", encoder_position);
      |                                    ~~^         ~~~~~~~~~~~~~~~~
      |                                      |         |
      |                                      int       int32_t {aka long int}
      |                                    %4li
arm-none-eabi-gcc -o "PID-Motor-Control.elf" @"objects.list"   -mcpu=cortex-m7 -T"C:\Users\Patrycja\Desktop\Studia\5 semestr\SM\PID-Motor-Control\PID-Motor-Control\STM32F746ZGTX_FLASH.ld" --specs=nosys.specs -Wl,-Map="PID-Motor-Control.map" -Wl,--gc-sections -static -u _printf_float --specs=nano.specs -mfpu=fpv5-sp-d16 -mfloat-abi=hard -mthumb -Wl,--start-group -lc -lm -Wl,--end-group
Finished building target: PID-Motor-Control.elf
 
arm-none-eabi-size  PID-Motor-Control.elf 
arm-none-eabi-objdump -h -S PID-Motor-Control.elf  > "PID-Motor-Control.list"
   text	   data	    bss	    dec	    hex	filename
  35728	    468	   3572	  39768	   9b58	PID-Motor-Control.elf
Finished building: default.size.stdout
 
Finished building: PID-Motor-Control.list
 
22:21:52 **** Incremental Build of configuration Debug for project PID-Motor-Control ****
make -j12 all 
arm-none-eabi-gcc "../Core/Src/main.c" -mcpu=cortex-m7 -std=gnu11 -g3 -DDEBUG -DUSE_HAL_DRIVER -DSTM32F746xx -c -I../Core/Inc -I../Drivers/STM32F7xx_HAL_Driver/Inc -I../Drivers/STM32F7xx_HAL_Driver/Inc/Legacy -I../Drivers/CMSIS/Device/ST/STM32F7xx/Include -I../Drivers/CMSIS/Include -O0 -ffunction-sections -fdata-sections -Wall -fstack-usage -fcyclomatic-complexity -MMD -MP -MF"Core/Src/main.d" -MT"Core/Src/main.o" --specs=nano.specs -mfpu=fpv5-sp-d16 -mfloat-abi=hard -mthumb -o "Core/Src/main.o"
../Core/Src/main.c: In function 'main':
../Core/Src/main.c:127:31: warning: format '%i' expects argument of type 'int', but argument 3 has type 'int32_t' {aka 'long int'} [-Wformat=]
  127 |           sprintf(message, "%4i\n", encoder_position);
      |                             ~~^     ~~~~~~~~~~~~~~~~
      |                               |     |
      |                               int   int32_t {aka long int}
      |                             %4li
arm-none-eabi-gcc -o "PID-Motor-Control.elf" @"objects.list"   -mcpu=cortex-m7 -T"C:\Users\Patrycja\Desktop\Studia\5 semestr\SM\PID-Motor-Control\PID-Motor-Control\STM32F746ZGTX_FLASH.ld" --specs=nosys.specs -Wl,-Map="PID-Motor-Control.map" -Wl,--gc-sections -static -u _printf_float --specs=nano.specs -mfpu=fpv5-sp-d16 -mfloat-abi=hard -mthumb -Wl,--start-group -lc -lm -Wl,--end-group
Finished building target: PID-Motor-Control.elf
 
arm-none-eabi-size  PID-Motor-Control.elf 
arm-none-eabi-objdump -h -S PID-Motor-Control.elf  > "PID-Motor-Control.list"
   text	   data	    bss	    dec	    hex	filename
  35720	    468	   3572	  39760	   9b50	PID-Motor-Control.elf
Finished building: default.size.stdout
 
Finished building: PID-Motor-Control.list
 
22:27:17 **** Incremental Build of configuration Debug for project PID-Motor-Control ****
make -j12 all 
arm-none-eabi-gcc "../Core/Src/main.c" -mcpu=cortex-m7 -std=gnu11 -g3 -DDEBUG -DUSE_HAL_DRIVER -DSTM32F746xx -c -I../Core/Inc -I../Drivers/STM32F7xx_HAL_Driver/Inc -I../Drivers/STM32F7xx_HAL_Driver/Inc/Legacy -I../Drivers/CMSIS/Device/ST/STM32F7xx/Include -I../Drivers/CMSIS/Include -O0 -ffunction-sections -fdata-sections -Wall -fstack-usage -fcyclomatic-complexity -MMD -MP -MF"Core/Src/main.d" -MT"Core/Src/main.o" --specs=nano.specs -mfpu=fpv5-sp-d16 -mfloat-abi=hard -mthumb -o "Core/Src/main.o"
../Core/Src/main.c: In function 'main':
../Core/Src/main.c:127:31: warning: format '%i' expects argument of type 'int', but argument 3 has type 'int32_t' {aka 'long int'} [-Wformat=]
  127 |           sprintf(message, "%4i\n", encoder_position);
      |                             ~~^     ~~~~~~~~~~~~~~~~
      |                               |     |
      |                               int   int32_t {aka long int}
      |                             %4li
arm-none-eabi-gcc -o "PID-Motor-Control.elf" @"objects.list"   -mcpu=cortex-m7 -T"C:\Users\Patrycja\Desktop\Studia\5 semestr\SM\PID-Motor-Control\PID-Motor-Control\STM32F746ZGTX_FLASH.ld" --specs=nosys.specs -Wl,-Map="PID-Motor-Control.map" -Wl,--gc-sections -static -u _printf_float --specs=nano.specs -mfpu=fpv5-sp-d16 -mfloat-abi=hard -mthumb -Wl,--start-group -lc -lm -Wl,--end-group
Finished building target: PID-Motor-Control.elf
 
arm-none-eabi-size  PID-Motor-Control.elf 
arm-none-eabi-objdump -h -S PID-Motor-Control.elf  > "PID-Motor-Control.list"
   text	   data	    bss	    dec	    hex	filename
  35720	    468	   3572	  39760	   9b50	PID-Motor-Control.elf
Finished building: default.size.stdout
 
Finished building: PID-Motor-Control.list
 
09:52:30 **** Incremental Build of configuration Debug for project PID-Motor-Control ****
make -j12 all 
arm-none-eabi-gcc "../Core/Src/main.c" -mcpu=cortex-m7 -std=gnu11 -g3 -DDEBUG -DUSE_HAL_DRIVER -DSTM32F746xx -c -I../Core/Inc -I../Drivers/STM32F7xx_HAL_Driver/Inc -I../Drivers/STM32F7xx_HAL_Driver/Inc/Legacy -I../Drivers/CMSIS/Device/ST/STM32F7xx/Include -I../Drivers/CMSIS/Include -O0 -ffunction-sections -fdata-sections -Wall -fstack-usage -fcyclomatic-complexity -MMD -MP -MF"Core/Src/main.d" -MT"Core/Src/main.o" --specs=nano.specs -mfpu=fpv5-sp-d16 -mfloat-abi=hard -mthumb -o "Core/Src/main.o"
../Core/Src/main.c: In function 'main':
../Core/Src/main.c:127:31: warning: format '%i' expects argument of type 'int', but argument 3 has type 'int32_t' {aka 'long int'} [-Wformat=]
  127 |           sprintf(message, "%4i\n", encoder_position);
      |                             ~~^     ~~~~~~~~~~~~~~~~
      |                               |     |
      |                               int   int32_t {aka long int}
      |                             %4li
arm-none-eabi-gcc -o "PID-Motor-Control.elf" @"objects.list"   -mcpu=cortex-m7 -T"C:\Users\Patrycja\Desktop\Studia\5 semestr\SM\PID-Motor-Control\PID-Motor-Control\STM32F746ZGTX_FLASH.ld" --specs=nosys.specs -Wl,-Map="PID-Motor-Control.map" -Wl,--gc-sections -static -u _printf_float --specs=nano.specs -mfpu=fpv5-sp-d16 -mfloat-abi=hard -mthumb -Wl,--start-group -lc -lm -Wl,--end-group
Finished building target: PID-Motor-Control.elf
 
arm-none-eabi-size  PID-Motor-Control.elf 
arm-none-eabi-objdump -h -S PID-Motor-Control.elf  > "PID-Motor-Control.list"
   text	   data	    bss	    dec	    hex	filename
  35720	    468	   3572	  39760	   9b50	PID-Motor-Control.elf
Finished building: default.size.stdout
 
Finished building: PID-Motor-Control.list
 
09:53:13 **** Incremental Build of configuration Debug for project PID-Motor-Control ****
make -j12 all 
arm-none-eabi-gcc "../Core/Src/main.c" -mcpu=cortex-m7 -std=gnu11 -g3 -DDEBUG -DUSE_HAL_DRIVER -DSTM32F746xx -c -I../Core/Inc -I../Drivers/STM32F7xx_HAL_Driver/Inc -I../Drivers/STM32F7xx_HAL_Driver/Inc/Legacy -I../Drivers/CMSIS/Device/ST/STM32F7xx/Include -I../Drivers/CMSIS/Include -O0 -ffunction-sections -fdata-sections -Wall -fstack-usage -fcyclomatic-complexity -MMD -MP -MF"Core/Src/main.d" -MT"Core/Src/main.o" --specs=nano.specs -mfpu=fpv5-sp-d16 -mfloat-abi=hard -mthumb -o "Core/Src/main.o"
../Core/Src/main.c: In function 'main':
../Core/Src/main.c:127:31: warning: format '%i' expects argument of type 'int', but argument 3 has type 'int32_t' {aka 'long int'} [-Wformat=]
  127 |           sprintf(message, "%4i\n", encoder_position);
      |                             ~~^     ~~~~~~~~~~~~~~~~
      |                               |     |
      |                               int   int32_t {aka long int}
      |                             %4li
arm-none-eabi-gcc -o "PID-Motor-Control.elf" @"objects.list"   -mcpu=cortex-m7 -T"C:\Users\Patrycja\Desktop\Studia\5 semestr\SM\PID-Motor-Control\PID-Motor-Control\STM32F746ZGTX_FLASH.ld" --specs=nosys.specs -Wl,-Map="PID-Motor-Control.map" -Wl,--gc-sections -static -u _printf_float --specs=nano.specs -mfpu=fpv5-sp-d16 -mfloat-abi=hard -mthumb -Wl,--start-group -lc -lm -Wl,--end-group
Finished building target: PID-Motor-Control.elf
 
arm-none-eabi-size  PID-Motor-Control.elf 
arm-none-eabi-objdump -h -S PID-Motor-Control.elf  > "PID-Motor-Control.list"
   text	   data	    bss	    dec	    hex	filename
  35720	    468	   3572	  39760	   9b50	PID-Motor-Control.elf
Finished building: default.size.stdout
 
Finished building: PID-Motor-Control.list
 
09:53:42 **** Incremental Build of configuration Debug for project PID-Motor-Control ****
make -j12 all 
arm-none-eabi-gcc "../Core/Src/main.c" -mcpu=cortex-m7 -std=gnu11 -g3 -DDEBUG -DUSE_HAL_DRIVER -DSTM32F746xx -c -I../Core/Inc -I../Drivers/STM32F7xx_HAL_Driver/Inc -I../Drivers/STM32F7xx_HAL_Driver/Inc/Legacy -I../Drivers/CMSIS/Device/ST/STM32F7xx/Include -I../Drivers/CMSIS/Include -O0 -ffunction-sections -fdata-sections -Wall -fstack-usage -fcyclomatic-complexity -MMD -MP -MF"Core/Src/main.d" -MT"Core/Src/main.o" --specs=nano.specs -mfpu=fpv5-sp-d16 -mfloat-abi=hard -mthumb -o "Core/Src/main.o"
../Core/Src/main.c: In function 'main':
../Core/Src/main.c:127:31: warning: format '%i' expects argument of type 'int', but argument 3 has type 'int32_t' {aka 'long int'} [-Wformat=]
  127 |           sprintf(message, "%4i\n", encoder_position);
      |                             ~~^     ~~~~~~~~~~~~~~~~
      |                               |     |
      |                               int   int32_t {aka long int}
      |                             %4li
arm-none-eabi-gcc -o "PID-Motor-Control.elf" @"objects.list"   -mcpu=cortex-m7 -T"C:\Users\Patrycja\Desktop\Studia\5 semestr\SM\PID-Motor-Control\PID-Motor-Control\STM32F746ZGTX_FLASH.ld" --specs=nosys.specs -Wl,-Map="PID-Motor-Control.map" -Wl,--gc-sections -static -u _printf_float --specs=nano.specs -mfpu=fpv5-sp-d16 -mfloat-abi=hard -mthumb -Wl,--start-group -lc -lm -Wl,--end-group
Finished building target: PID-Motor-Control.elf
 
arm-none-eabi-size  PID-Motor-Control.elf 
arm-none-eabi-objdump -h -S PID-Motor-Control.elf  > "PID-Motor-Control.list"
   text	   data	    bss	    dec	    hex	filename
  35720	    468	   3572	  39760	   9b50	PID-Motor-Control.elf
Finished building: default.size.stdout
 
Finished building: PID-Motor-Control.list
 
09:54:11 **** Incremental Build of configuration Debug for project PID-Motor-Control ****
make -j12 all 
arm-none-eabi-gcc "../Core/Src/main.c" -mcpu=cortex-m7 -std=gnu11 -g3 -DDEBUG -DUSE_HAL_DRIVER -DSTM32F746xx -c -I../Core/Inc -I../Drivers/STM32F7xx_HAL_Driver/Inc -I../Drivers/STM32F7xx_HAL_Driver/Inc/Legacy -I../Drivers/CMSIS/Device/ST/STM32F7xx/Include -I../Drivers/CMSIS/Include -O0 -ffunction-sections -fdata-sections -Wall -fstack-usage -fcyclomatic-complexity -MMD -MP -MF"Core/Src/main.d" -MT"Core/Src/main.o" --specs=nano.specs -mfpu=fpv5-sp-d16 -mfloat-abi=hard -mthumb -o "Core/Src/main.o"
../Core/Src/main.c: In function 'main':
../Core/Src/main.c:127:31: warning: format '%i' expects argument of type 'int', but argument 3 has type 'int32_t' {aka 'long int'} [-Wformat=]
  127 |           sprintf(message, "%4i\n", encoder_position);
      |                             ~~^     ~~~~~~~~~~~~~~~~
      |                               |     |
      |                               int   int32_t {aka long int}
      |                             %4li
arm-none-eabi-gcc -o "PID-Motor-Control.elf" @"objects.list"   -mcpu=cortex-m7 -T"C:\Users\Patrycja\Desktop\Studia\5 semestr\SM\PID-Motor-Control\PID-Motor-Control\STM32F746ZGTX_FLASH.ld" --specs=nosys.specs -Wl,-Map="PID-Motor-Control.map" -Wl,--gc-sections -static -u _printf_float --specs=nano.specs -mfpu=fpv5-sp-d16 -mfloat-abi=hard -mthumb -Wl,--start-group -lc -lm -Wl,--end-group
Finished building target: PID-Motor-Control.elf
 
arm-none-eabi-size  PID-Motor-Control.elf 
arm-none-eabi-objdump -h -S PID-Motor-Control.elf  > "PID-Motor-Control.list"
   text	   data	    bss	    dec	    hex	filename
  35720	    468	   3572	  39760	   9b50	PID-Motor-Control.elf
Finished building: default.size.stdout
 
Finished building: PID-Motor-Control.list
 
10:10:58 **** Incremental Build of configuration Debug for project PID-Motor-Control ****
make -j12 all 
arm-none-eabi-gcc "../Core/Src/main.c" -mcpu=cortex-m7 -std=gnu11 -g3 -DDEBUG -DUSE_HAL_DRIVER -DSTM32F746xx -c -I../Core/Inc -I../Drivers/STM32F7xx_HAL_Driver/Inc -I../Drivers/STM32F7xx_HAL_Driver/Inc/Legacy -I../Drivers/CMSIS/Device/ST/STM32F7xx/Include -I../Drivers/CMSIS/Include -O0 -ffunction-sections -fdata-sections -Wall -fstack-usage -fcyclomatic-complexity -MMD -MP -MF"Core/Src/main.d" -MT"Core/Src/main.o" --specs=nano.specs -mfpu=fpv5-sp-d16 -mfloat-abi=hard -mthumb -o "Core/Src/main.o"
../Core/Src/main.c: In function 'main':
../Core/Src/main.c:131:25: error: 'encoder_count' undeclared (first use in this function); did you mean 'last_encoder_count'?
  131 |           delta_count = encoder_count - last_encoder_count;
      |                         ^~~~~~~~~~~~~
      |                         last_encoder_count
../Core/Src/main.c:131:25: note: each undeclared identifier is reported only once for each function it appears in
make: *** [Core/Src/subdir.mk:34: Core/Src/main.o] Error 1
"make -j12 all" terminated with exit code 2. Build might be incomplete.
10:12:36 **** Incremental Build of configuration Debug for project PID-Motor-Control ****
make -j12 all 
arm-none-eabi-gcc "../Core/Src/main.c" -mcpu=cortex-m7 -std=gnu11 -g3 -DDEBUG -DUSE_HAL_DRIVER -DSTM32F746xx -c -I../Core/Inc -I../Drivers/STM32F7xx_HAL_Driver/Inc -I../Drivers/STM32F7xx_HAL_Driver/Inc/Legacy -I../Drivers/CMSIS/Device/ST/STM32F7xx/Include -I../Drivers/CMSIS/Include -O0 -ffunction-sections -fdata-sections -Wall -fstack-usage -fcyclomatic-complexity -MMD -MP -MF"Core/Src/main.d" -MT"Core/Src/main.o" --specs=nano.specs -mfpu=fpv5-sp-d16 -mfloat-abi=hard -mthumb -o "Core/Src/main.o"
../Core/Src/main.c: In function 'main':
../Core/Src/main.c:133:20: error: 'delta_count' undeclared (first use in this function)
  133 |           speed = (delta_count / 1919.0f) * 10.0f;
      |                    ^~~~~~~~~~~
../Core/Src/main.c:133:20: note: each undeclared identifier is reported only once for each function it appears in
make: *** [Core/Src/subdir.mk:34: Core/Src/main.o] Error 1
"make -j12 all" terminated with exit code 2. Build might be incomplete.
10:12:55 **** Incremental Build of configuration Debug for project PID-Motor-Control ****
make -j12 all 
arm-none-eabi-gcc "../Core/Src/main.c" -mcpu=cortex-m7 -std=gnu11 -g3 -DDEBUG -DUSE_HAL_DRIVER -DSTM32F746xx -c -I../Core/Inc -I../Drivers/STM32F7xx_HAL_Driver/Inc -I../Drivers/STM32F7xx_HAL_Driver/Inc/Legacy -I../Drivers/CMSIS/Device/ST/STM32F7xx/Include -I../Drivers/CMSIS/Include -O0 -ffunction-sections -fdata-sections -Wall -fstack-usage -fcyclomatic-complexity -MMD -MP -MF"Core/Src/main.d" -MT"Core/Src/main.o" --specs=nano.specs -mfpu=fpv5-sp-d16 -mfloat-abi=hard -mthumb -o "Core/Src/main.o"
arm-none-eabi-gcc -o "PID-Motor-Control.elf" @"objects.list"   -mcpu=cortex-m7 -T"C:\Users\Patrycja\Desktop\Studia\5 semestr\SM\PID-Motor-Control\PID-Motor-Control\STM32F746ZGTX_FLASH.ld" --specs=nosys.specs -Wl,-Map="PID-Motor-Control.map" -Wl,--gc-sections -static -u _printf_float --specs=nano.specs -mfpu=fpv5-sp-d16 -mfloat-abi=hard -mthumb -Wl,--start-group -lc -lm -Wl,--end-group
Finished building target: PID-Motor-Control.elf
 
arm-none-eabi-size  PID-Motor-Control.elf 
arm-none-eabi-objdump -h -S PID-Motor-Control.elf  > "PID-Motor-Control.list"
   text	   data	    bss	    dec	    hex	filename
  35800	    468	   3588	  39856	   9bb0	PID-Motor-Control.elf
Finished building: default.size.stdout
 
Finished building: PID-Motor-Control.list
 
10:15:48 **** Incremental Build of configuration Debug for project PID-Motor-Control ****
make -j12 all 
arm-none-eabi-gcc "../Core/Src/main.c" -mcpu=cortex-m7 -std=gnu11 -g3 -DDEBUG -DUSE_HAL_DRIVER -DSTM32F746xx -c -I../Core/Inc -I../Drivers/STM32F7xx_HAL_Driver/Inc -I../Drivers/STM32F7xx_HAL_Driver/Inc/Legacy -I../Drivers/CMSIS/Device/ST/STM32F7xx/Include -I../Drivers/CMSIS/Include -O0 -ffunction-sections -fdata-sections -Wall -fstack-usage -fcyclomatic-complexity -MMD -MP -MF"Core/Src/main.d" -MT"Core/Src/main.o" --specs=nano.specs -mfpu=fpv5-sp-d16 -mfloat-abi=hard -mthumb -o "Core/Src/main.o"
arm-none-eabi-gcc -o "PID-Motor-Control.elf" @"objects.list"   -mcpu=cortex-m7 -T"C:\Users\Patrycja\Desktop\Studia\5 semestr\SM\PID-Motor-Control\PID-Motor-Control\STM32F746ZGTX_FLASH.ld" --specs=nosys.specs -Wl,-Map="PID-Motor-Control.map" -Wl,--gc-sections -static -u _printf_float --specs=nano.specs -mfpu=fpv5-sp-d16 -mfloat-abi=hard -mthumb -Wl,--start-group -lc -lm -Wl,--end-group
Finished building target: PID-Motor-Control.elf
 
arm-none-eabi-size  PID-Motor-Control.elf 
arm-none-eabi-objdump -h -S PID-Motor-Control.elf  > "PID-Motor-Control.list"
   text	   data	    bss	    dec	    hex	filename
  35800	    468	   3588	  39856	   9bb0	PID-Motor-Control.elf
Finished building: default.size.stdout
 
Finished building: PID-Motor-Control.list
 
10:16:35 **** Incremental Build of configuration Debug for project PID-Motor-Control ****
make -j12 all 
arm-none-eabi-gcc "../Core/Src/main.c" -mcpu=cortex-m7 -std=gnu11 -g3 -DDEBUG -DUSE_HAL_DRIVER -DSTM32F746xx -c -I../Core/Inc -I../Drivers/STM32F7xx_HAL_Driver/Inc -I../Drivers/STM32F7xx_HAL_Driver/Inc/Legacy -I../Drivers/CMSIS/Device/ST/STM32F7xx/Include -I../Drivers/CMSIS/Include -O0 -ffunction-sections -fdata-sections -Wall -fstack-usage -fcyclomatic-complexity -MMD -MP -MF"Core/Src/main.d" -MT"Core/Src/main.o" --specs=nano.specs -mfpu=fpv5-sp-d16 -mfloat-abi=hard -mthumb -o "Core/Src/main.o"
arm-none-eabi-gcc -o "PID-Motor-Control.elf" @"objects.list"   -mcpu=cortex-m7 -T"C:\Users\Patrycja\Desktop\Studia\5 semestr\SM\PID-Motor-Control\PID-Motor-Control\STM32F746ZGTX_FLASH.ld" --specs=nosys.specs -Wl,-Map="PID-Motor-Control.map" -Wl,--gc-sections -static -u _printf_float --specs=nano.specs -mfpu=fpv5-sp-d16 -mfloat-abi=hard -mthumb -Wl,--start-group -lc -lm -Wl,--end-group
Finished building target: PID-Motor-Control.elf
 
arm-none-eabi-size  PID-Motor-Control.elf 
arm-none-eabi-objdump -h -S PID-Motor-Control.elf  > "PID-Motor-Control.list"
   text	   data	    bss	    dec	    hex	filename
  35800	    468	   3588	  39856	   9bb0	PID-Motor-Control.elf
Finished building: default.size.stdout
 
Finished building: PID-Motor-Control.list
 
10:19:58 **** Incremental Build of configuration Debug for project PID-Motor-Control ****
make -j12 all 
arm-none-eabi-gcc "../Core/Src/main.c" -mcpu=cortex-m7 -std=gnu11 -g3 -DDEBUG -DUSE_HAL_DRIVER -DSTM32F746xx -c -I../Core/Inc -I../Drivers/STM32F7xx_HAL_Driver/Inc -I../Drivers/STM32F7xx_HAL_Driver/Inc/Legacy -I../Drivers/CMSIS/Device/ST/STM32F7xx/Include -I../Drivers/CMSIS/Include -O0 -ffunction-sections -fdata-sections -Wall -fstack-usage -fcyclomatic-complexity -MMD -MP -MF"Core/Src/main.d" -MT"Core/Src/main.o" --specs=nano.specs -mfpu=fpv5-sp-d16 -mfloat-abi=hard -mthumb -o "Core/Src/main.o"
arm-none-eabi-gcc -o "PID-Motor-Control.elf" @"objects.list"   -mcpu=cortex-m7 -T"C:\Users\Patrycja\Desktop\Studia\5 semestr\SM\PID-Motor-Control\PID-Motor-Control\STM32F746ZGTX_FLASH.ld" --specs=nosys.specs -Wl,-Map="PID-Motor-Control.map" -Wl,--gc-sections -static -u _printf_float --specs=nano.specs -mfpu=fpv5-sp-d16 -mfloat-abi=hard -mthumb -Wl,--start-group -lc -lm -Wl,--end-group
Finished building target: PID-Motor-Control.elf
 
arm-none-eabi-size  PID-Motor-Control.elf 
arm-none-eabi-objdump -h -S PID-Motor-Control.elf  > "PID-Motor-Control.list"
   text	   data	    bss	    dec	    hex	filename
  35808	    468	   3588	  39864	   9bb8	PID-Motor-Control.elf
Finished building: default.size.stdout
 
Finished building: PID-Motor-Control.list
 
10:51:16 **** Incremental Build of configuration Debug for project PID-Motor-Control ****
make -j12 all 
arm-none-eabi-gcc "../Core/Src/main.c" -mcpu=cortex-m7 -std=gnu11 -g3 -DDEBUG -DUSE_HAL_DRIVER -DSTM32F746xx -c -I../Core/Inc -I../Drivers/STM32F7xx_HAL_Driver/Inc -I../Drivers/STM32F7xx_HAL_Driver/Inc/Legacy -I../Drivers/CMSIS/Device/ST/STM32F7xx/Include -I../Drivers/CMSIS/Include -O0 -ffunction-sections -fdata-sections -Wall -fstack-usage -fcyclomatic-complexity -MMD -MP -MF"Core/Src/main.d" -MT"Core/Src/main.o" --specs=nano.specs -mfpu=fpv5-sp-d16 -mfloat-abi=hard -mthumb -o "Core/Src/main.o"
arm-none-eabi-gcc -o "PID-Motor-Control.elf" @"objects.list"   -mcpu=cortex-m7 -T"C:\Users\Patrycja\Desktop\Studia\5 semestr\SM\PID-Motor-Control\PID-Motor-Control\STM32F746ZGTX_FLASH.ld" --specs=nosys.specs -Wl,-Map="PID-Motor-Control.map" -Wl,--gc-sections -static -u _printf_float --specs=nano.specs -mfpu=fpv5-sp-d16 -mfloat-abi=hard -mthumb -Wl,--start-group -lc -lm -Wl,--end-group
Finished building target: PID-Motor-Control.elf
 
arm-none-eabi-size  PID-Motor-Control.elf 
arm-none-eabi-objdump -h -S PID-Motor-Control.elf  > "PID-Motor-Control.list"
   text	   data	    bss	    dec	    hex	filename
  35808	    468	   3588	  39864	   9bb8	PID-Motor-Control.elf
Finished building: default.size.stdout
 
Finished building: PID-Motor-Control.list
 
10:55:27 **** Incremental Build of configuration Debug for project PID-Motor-Control ****
make -j12 all 
arm-none-eabi-gcc "../Core/Src/main.c" -mcpu=cortex-m7 -std=gnu11 -g3 -DDEBUG -DUSE_HAL_DRIVER -DSTM32F746xx -c -I../Core/Inc -I../Drivers/STM32F7xx_HAL_Driver/Inc -I../Drivers/STM32F7xx_HAL_Driver/Inc/Legacy -I../Drivers/CMSIS/Device/ST/STM32F7xx/Include -I../Drivers/CMSIS/Include -O0 -ffunction-sections -fdata-sections -Wall -fstack-usage -fcyclomatic-complexity -MMD -MP -MF"Core/Src/main.d" -MT"Core/Src/main.o" --specs=nano.specs -mfpu=fpv5-sp-d16 -mfloat-abi=hard -mthumb -o "Core/Src/main.o"
[...]
Finished building target: PID-Motor-Control.elf
 
arm-none-eabi-size  PID-Motor-Control.elf 
arm-none-eabi-objdump -h -S PID-Motor-Control.elf  > "PID-Motor-Control.list"
   text	   data	    bss	    dec	    hex	filename
  36088	    468	   3588	  40144	   9cd0	PID-Motor-Control.elf
Finished building: default.size.stdout
 
Finished building: PID-Motor-Control.list
 
00:34:38 **** Incremental Build of configuration Debug for project PID-Motor-Control ****
make -j12 all 
arm-none-eabi-gcc "../Core/Src/main.c" -mcpu=cortex-m7 -std=gnu11 -g3 -DDEBUG -DUSE_HAL_DRIVER -DSTM32F746xx -c -I../Core/Inc -I../Drivers/STM32F7xx_HAL_Driver/Inc -I../Drivers/STM32F7xx_HAL_Driver/Inc/Legacy -I../Drivers/CMSIS/Device/ST/STM32F7xx/Include -I../Drivers/CMSIS/Include -O0 -ffunction-sections -fdata-sections -Wall -fstack-usage -fcyclomatic-complexity -MMD -MP -MF"Core/Src/main.d" -MT"Core/Src/main.o" --specs=nano.specs -mfpu=fpv5-sp-d16 -mfloat-abi=hard -mthumb -o "Core/Src/main.o"
arm-none-eabi-gcc -o "PID-Motor-Control.elf" @"objects.list"   -mcpu=cortex-m7 -T"C:\Users\Patrycja\Desktop\Studia\5 semestr\SM\PID-Motor-Control\PID-Motor-Control\STM32F746ZGTX_FLASH.ld" --specs=nosys.specs -Wl,-Map="PID-Motor-Control.map" -Wl,--gc-sections -static -u _printf_float --specs=nano.specs -mfpu=fpv5-sp-d16 -mfloat-abi=hard -mthumb -Wl,--start-group -lc -lm -Wl,--end-group
Finished building target: PID-Motor-Control.elf
 
arm-none-eabi-size  PID-Motor-Control.elf 
arm-none-eabi-objdump -h -S PID-Motor-Control.elf  > "PID-Motor-Control.list"
   text	   data	    bss	    dec	    hex	filename
  36088	    468	   3588	  40144	   9cd0	PID-Motor-Control.elf
Finished building: default.size.stdout
 
Finished building: PID-Motor-Control.list
 
00:35:00 **** Incremental Build of configuration Debug for project PID-Motor-Control ****
make -j12 all 
arm-none-eabi-gcc "../Core/Src/main.c" -mcpu=cortex-m7 -std=gnu11 -g3 -DDEBUG -DUSE_HAL_DRIVER -DSTM32F746xx -c -I../Core/Inc -I../Drivers/STM32F7xx_HAL_Driver/Inc -I../Drivers/STM32F7xx_HAL_Driver/Inc/Legacy -I../Drivers/CMSIS/Device/ST/STM32F7xx/Include -I../Drivers/CMSIS/Include -O0 -ffunction-sections -fdata-sections -Wall -fstack-usage -fcyclomatic-complexity -MMD -MP -MF"Core/Src/main.d" -MT"Core/Src/main.o" --specs=nano.specs -mfpu=fpv5-sp-d16 -mfloat-abi=hard -mthumb -o "Core/Src/main.o"
arm-none-eabi-gcc -o "PID-Motor-Control.elf" @"objects.list"   -mcpu=cortex-m7 -T"C:\Users\Patrycja\Desktop\Studia\5 semestr\SM\PID-Motor-Control\PID-Motor-Control\STM32F746ZGTX_FLASH.ld" --specs=nosys.specs -Wl,-Map="PID-Motor-Control.map" -Wl,--gc-sections -static -u _printf_float --specs=nano.specs -mfpu=fpv5-sp-d16 -mfloat-abi=hard -mthumb -Wl,--start-group -lc -lm -Wl,--end-group
Finished building target: PID-Motor-Control.elf
 
arm-none-eabi-size  PID-Motor-Control.elf 
arm-none-eabi-objdump -h -S PID-Motor-Control.elf  > "PID-Motor-Control.list"
   text	   data	    bss	    dec	    hex	filename
  36072	    468	   3588	  40128	   9cc0	PID-Motor-Control.elf
Finished building: default.size.stdout
 
Finished building: PID-Motor-Control.list
 
00:36:05 **** Incremental Build of configuration Debug for project PID-Motor-Control ****
make -j12 all 
arm-none-eabi-gcc "../Core/Src/main.c" -mcpu=cortex-m7 -std=gnu11 -g3 -DDEBUG -DUSE_HAL_DRIVER -DSTM32F746xx -c -I../Core/Inc -I../Drivers/STM32F7xx_HAL_Driver/Inc -I../Drivers/STM32F7xx_HAL_Driver/Inc/Legacy -I../Drivers/CMSIS/Device/ST/STM32F7xx/Include -I../Drivers/CMSIS/Include -O0 -ffunction-sections -fdata-sections -Wall -fstack-usage -fcyclomatic-complexity -MMD -MP -MF"Core/Src/main.d" -MT"Core/Src/main.o" --specs=nano.specs -mfpu=fpv5-sp-d16 -mfloat-abi=hard -mthumb -o "Core/Src/main.o"
arm-none-eabi-gcc -o "PID-Motor-Control.elf" @"objects.list"   -mcpu=cortex-m7 -T"C:\Users\Patrycja\Desktop\Studia\5 semestr\SM\PID-Motor-Control\PID-Motor-Control\STM32F746ZGTX_FLASH.ld" --specs=nosys.specs -Wl,-Map="PID-Motor-Control.map" -Wl,--gc-sections -static -u _printf_float --specs=nano.specs -mfpu=fpv5-sp-d16 -mfloat-abi=hard -mthumb -Wl,--start-group -lc -lm -Wl,--end-group
Finished building target: PID-Motor-Control.elf
 
arm-none-eabi-size  PID-Motor-Control.elf 
arm-none-eabi-objdump -h -S PID-Motor-Control.elf  > "PID-Motor-Control.list"
   text	   data	    bss	    dec	    hex	filename
  36072	    468	   3588	  40128	   9cc0	PID-Motor-Control.elf
Finished building: default.size.stdout
 
Finished building: PID-Motor-Control.list
 
00:37:31 **** Incremental Build of configuration Debug for project PID-Motor-Control ****
make -j12 all 
arm-none-eabi-gcc "../Core/Src/main.c" -mcpu=cortex-m7 -std=gnu11 -g3 -DDEBUG -DUSE_HAL_DRIVER -DSTM32F746xx -c -I../Core/Inc -I../Drivers/STM32F7xx_HAL_Driver/Inc -I../Drivers/STM32F7xx_HAL_Driver/Inc/Legacy -I../Drivers/CMSIS/Device/ST/STM32F7xx/Include -I../Drivers/CMSIS/Include -O0 -ffunction-sections -fdata-sections -Wall -fstack-usage -fcyclomatic-complexity -MMD -MP -MF"Core/Src/main.d" -MT"Core/Src/main.o" --specs=nano.specs -mfpu=fpv5-sp-d16 -mfloat-abi=hard -mthumb -o "Core/Src/main.o"
arm-none-eabi-gcc -o "PID-Motor-Control.elf" @"objects.list"   -mcpu=cortex-m7 -T"C:\Users\Patrycja\Desktop\Studia\5 semestr\SM\PID-Motor-Control\PID-Motor-Control\STM32F746ZGTX_FLASH.ld" --specs=nosys.specs -Wl,-Map="PID-Motor-Control.map" -Wl,--gc-sections -static -u _printf_float --specs=nano.specs -mfpu=fpv5-sp-d16 -mfloat-abi=hard -mthumb -Wl,--start-group -lc -lm -Wl,--end-group
Finished building target: PID-Motor-Control.elf
 
arm-none-eabi-size  PID-Motor-Control.elf 
arm-none-eabi-objdump -h -S PID-Motor-Control.elf  > "PID-Motor-Control.list"
   text	   data	    bss	    dec	    hex	filename
  36072	    468	   3588	  40128	   9cc0	PID-Motor-Control.elf
Finished building: default.size.stdout
 
Finished building: PID-Motor-Control.list
 
00:44:29 **** Incremental Build of configuration Debug for project PID-Motor-Control ****
make -j12 all 
arm-none-eabi-gcc "../Core/Src/main.c" -mcpu=cortex-m7 -std=gnu11 -g3 -DDEBUG -DUSE_HAL_DRIVER -DSTM32F746xx -c -I../Core/Inc -I../Drivers/STM32F7xx_HAL_Driver/Inc -I../Drivers/STM32F7xx_HAL_Driver/Inc/Legacy -I../Drivers/CMSIS/Device/ST/STM32F7xx/Include -I../Drivers/CMSIS/Include -O0 -ffunction-sections -fdata-sections -Wall -fstack-usage -fcyclomatic-complexity -MMD -MP -MF"Core/Src/main.d" -MT"Core/Src/main.o" --specs=nano.specs -mfpu=fpv5-sp-d16 -mfloat-abi=hard -mthumb -o "Core/Src/main.o"
arm-none-eabi-gcc -o "PID-Motor-Control.elf" @"objects.list"   -mcpu=cortex-m7 -T"C:\Users\Patrycja\Desktop\Studia\5 semestr\SM\PID-Motor-Control\PID-Motor-Control\STM32F746ZGTX_FLASH.ld" --specs=nosys.specs -Wl,-Map="PID-Motor-Control.map" -Wl,--gc-sections -static -u _printf_float --specs=nano.specs -mfpu=fpv5-sp-d16 -mfloat-abi=hard -mthumb -Wl,--start-group -lc -lm -Wl,--end-group
Finished building target: PID-Motor-Control.elf
 
arm-none-eabi-size  PID-Motor-Control.elf 
arm-none-eabi-objdump -h -S PID-Motor-Control.elf  > "PID-Motor-Control.list"
   text	   data	    bss	    dec	    hex	filename
  36072	    468	   3588	  40128	   9cc0	PID-Motor-Control.elf
Finished building: default.size.stdout
 
Finished building: PID-Motor-Control.list
 
00:45:39 **** Incremental Build of configuration Debug for project PID-Motor-Control ****
make -j12 all 
arm-none-eabi-size  PID-Motor-Control.elf 
   text	   data	    bss	    dec	    hex	filename
  36072	    468	   3588	  40128	   9cc0	PID-Motor-Control.elf
Finished building: default.size.stdout
 
00:49:02 **** Incremental Build of configuration Debug for project PID-Motor-Control ****
make -j12 all 
arm-none-eabi-gcc "../Core/Src/main.c" -mcpu=cortex-m7 -std=gnu11 -g3 -DDEBUG -DUSE_HAL_DRIVER -DSTM32F746xx -c -I../Core/Inc -I../Drivers/STM32F7xx_HAL_Driver/Inc -I../Drivers/STM32F7xx_HAL_Driver/Inc/Legacy -I../Drivers/CMSIS/Device/ST/STM32F7xx/Include -I../Drivers/CMSIS/Include -O0 -ffunction-sections -fdata-sections -Wall -fstack-usage -fcyclomatic-complexity -MMD -MP -MF"Core/Src/main.d" -MT"Core/Src/main.o" --specs=nano.specs -mfpu=fpv5-sp-d16 -mfloat-abi=hard -mthumb -o "Core/Src/main.o"
arm-none-eabi-gcc -o "PID-Motor-Control.elf" @"objects.list"   -mcpu=cortex-m7 -T"C:\Users\Patrycja\Desktop\Studia\5 semestr\SM\PID-Motor-Control\PID-Motor-Control\STM32F746ZGTX_FLASH.ld" --specs=nosys.specs -Wl,-Map="PID-Motor-Control.map" -Wl,--gc-sections -static -u _printf_float --specs=nano.specs -mfpu=fpv5-sp-d16 -mfloat-abi=hard -mthumb -Wl,--start-group -lc -lm -Wl,--end-group
Finished building target: PID-Motor-Control.elf
 
arm-none-eabi-size  PID-Motor-Control.elf 
arm-none-eabi-objdump -h -S PID-Motor-Control.elf  > "PID-Motor-Control.list"
   text	   data	    bss	    dec	    hex	filename
  36072	    468	   3588	  40128	   9cc0	PID-Motor-Control.elf
Finished building: default.size.stdout
 
Finished building: PID-Motor-Control.list
 
00:51:12 **** Incremental Build of configuration Debug for project PID-Motor-Control ****
make -j12 all 
arm-none-eabi-gcc "../Core/Src/main.c" -mcpu=cortex-m7 -std=gnu11 -g3 -DDEBUG -DUSE_HAL_DRIVER -DSTM32F746xx -c -I../Core/Inc -I../Drivers/STM32F7xx_HAL_Driver/Inc -I../Drivers/STM32F7xx_HAL_Driver/Inc/Legacy -I../Drivers/CMSIS/Device/ST/STM32F7xx/Include -I../Drivers/CMSIS/Include -O0 -ffunction-sections -fdata-sections -Wall -fstack-usage -fcyclomatic-complexity -MMD -MP -MF"Core/Src/main.d" -MT"Core/Src/main.o" --specs=nano.specs -mfpu=fpv5-sp-d16 -mfloat-abi=hard -mthumb -o "Core/Src/main.o"
arm-none-eabi-gcc -o "PID-Motor-Control.elf" @"objects.list"   -mcpu=cortex-m7 -T"C:\Users\Patrycja\Desktop\Studia\5 semestr\SM\PID-Motor-Control\PID-Motor-Control\STM32F746ZGTX_FLASH.ld" --specs=nosys.specs -Wl,-Map="PID-Motor-Control.map" -Wl,--gc-sections -static -u _printf_float --specs=nano.specs -mfpu=fpv5-sp-d16 -mfloat-abi=hard -mthumb -Wl,--start-group -lc -lm -Wl,--end-group
Finished building target: PID-Motor-Control.elf
 
arm-none-eabi-size  PID-Motor-Control.elf 
arm-none-eabi-objdump -h -S PID-Motor-Control.elf  > "PID-Motor-Control.list"
   text	   data	    bss	    dec	    hex	filename
  36072	    468	   3588	  40128	   9cc0	PID-Motor-Control.elf
Finished building: default.size.stdout
 
Finished building: PID-Motor-Control.list
 
00:51:52 **** Incremental Build of configuration Debug for project PID-Motor-Control ****
make -j12 all 
arm-none-eabi-gcc "../Core/Src/main.c" -mcpu=cortex-m7 -std=gnu11 -g3 -DDEBUG -DUSE_HAL_DRIVER -DSTM32F746xx -c -I../Core/Inc -I../Drivers/STM32F7xx_HAL_Driver/Inc -I../Drivers/STM32F7xx_HAL_Driver/Inc/Legacy -I../Drivers/CMSIS/Device/ST/STM32F7xx/Include -I../Drivers/CMSIS/Include -O0 -ffunction-sections -fdata-sections -Wall -fstack-usage -fcyclomatic-complexity -MMD -MP -MF"Core/Src/main.d" -MT"Core/Src/main.o" --specs=nano.specs -mfpu=fpv5-sp-d16 -mfloat-abi=hard -mthumb -o "Core/Src/main.o"
arm-none-eabi-gcc -o "PID-Motor-Control.elf" @"objects.list"   -mcpu=cortex-m7 -T"C:\Users\Patrycja\Desktop\Studia\5 semestr\SM\PID-Motor-Control\PID-Motor-Control\STM32F746ZGTX_FLASH.ld" --specs=nosys.specs -Wl,-Map="PID-Motor-Control.map" -Wl,--gc-sections -static -u _printf_float --specs=nano.specs -mfpu=fpv5-sp-d16 -mfloat-abi=hard -mthumb -Wl,--start-group -lc -lm -Wl,--end-group
Finished building target: PID-Motor-Control.elf
 
arm-none-eabi-size  PID-Motor-Control.elf 
arm-none-eabi-objdump -h -S PID-Motor-Control.elf  > "PID-Motor-Control.list"
   text	   data	    bss	    dec	    hex	filename
  36072	    468	   3588	  40128	   9cc0	PID-Motor-Control.elf
Finished building: default.size.stdout
 
Finished building: PID-Motor-Control.list
 
00:53:33 **** Incremental Build of configuration Debug for project PID-Motor-Control ****
make -j12 all 
arm-none-eabi-gcc "../Core/Src/main.c" -mcpu=cortex-m7 -std=gnu11 -g3 -DDEBUG -DUSE_HAL_DRIVER -DSTM32F746xx -c -I../Core/Inc -I../Drivers/STM32F7xx_HAL_Driver/Inc -I../Drivers/STM32F7xx_HAL_Driver/Inc/Legacy -I../Drivers/CMSIS/Device/ST/STM32F7xx/Include -I../Drivers/CMSIS/Include -O0 -ffunction-sections -fdata-sections -Wall -fstack-usage -fcyclomatic-complexity -MMD -MP -MF"Core/Src/main.d" -MT"Core/Src/main.o" --specs=nano.specs -mfpu=fpv5-sp-d16 -mfloat-abi=hard -mthumb -o "Core/Src/main.o"
arm-none-eabi-gcc -o "PID-Motor-Control.elf" @"objects.list"   -mcpu=cortex-m7 -T"C:\Users\Patrycja\Desktop\Studia\5 semestr\SM\PID-Motor-Control\PID-Motor-Control\STM32F746ZGTX_FLASH.ld" --specs=nosys.specs -Wl,-Map="PID-Motor-Control.map" -Wl,--gc-sections -static -u _printf_float --specs=nano.specs -mfpu=fpv5-sp-d16 -mfloat-abi=hard -mthumb -Wl,--start-group -lc -lm -Wl,--end-group
Finished building target: PID-Motor-Control.elf
 
arm-none-eabi-size  PID-Motor-Control.elf 
arm-none-eabi-objdump -h -S PID-Motor-Control.elf  > "PID-Motor-Control.list"
   text	   data	    bss	    dec	    hex	filename
  36072	    468	   3588	  40128	   9cc0	PID-Motor-Control.elf
Finished building: default.size.stdout
 
Finished building: PID-Motor-Control.list
 
00:54:32 **** Incremental Build of configuration Debug for project PID-Motor-Control ****
make -j12 all 
arm-none-eabi-gcc "../Core/Src/main.c" -mcpu=cortex-m7 -std=gnu11 -g3 -DDEBUG -DUSE_HAL_DRIVER -DSTM32F746xx -c -I../Core/Inc -I../Drivers/STM32F7xx_HAL_Driver/Inc -I../Drivers/STM32F7xx_HAL_Driver/Inc/Legacy -I../Drivers/CMSIS/Device/ST/STM32F7xx/Include -I../Drivers/CMSIS/Include -O0 -ffunction-sections -fdata-sections -Wall -fstack-usage -fcyclomatic-complexity -MMD -MP -MF"Core/Src/main.d" -MT"Core/Src/main.o" --specs=nano.specs -mfpu=fpv5-sp-d16 -mfloat-abi=hard -mthumb -o "Core/Src/main.o"
arm-none-eabi-gcc -o "PID-Motor-Control.elf" @"objects.list"   -mcpu=cortex-m7 -T"C:\Users\Patrycja\Desktop\Studia\5 semestr\SM\PID-Motor-Control\PID-Motor-Control\STM32F746ZGTX_FLASH.ld" --specs=nosys.specs -Wl,-Map="PID-Motor-Control.map" -Wl,--gc-sections -static -u _printf_float --specs=nano.specs -mfpu=fpv5-sp-d16 -mfloat-abi=hard -mthumb -Wl,--start-group -lc -lm -Wl,--end-group
Finished building target: PID-Motor-Control.elf
 
arm-none-eabi-size  PID-Motor-Control.elf 
arm-none-eabi-objdump -h -S PID-Motor-Control.elf  > "PID-Motor-Control.list"
   text	   data	    bss	    dec	    hex	filename
  36072	    468	   3588	  40128	   9cc0	PID-Motor-Control.elf
Finished building: default.size.stdout
 
Finished building: PID-Motor-Control.list
 
00:56:37 **** Incremental Build of configuration Debug for project PID-Motor-Control ****
make -j12 all 
arm-none-eabi-gcc "../Core/Src/main.c" -mcpu=cortex-m7 -std=gnu11 -g3 -DDEBUG -DUSE_HAL_DRIVER -DSTM32F746xx -c -I../Core/Inc -I../Drivers/STM32F7xx_HAL_Driver/Inc -I../Drivers/STM32F7xx_HAL_Driver/Inc/Legacy -I../Drivers/CMSIS/Device/ST/STM32F7xx/Include -I../Drivers/CMSIS/Include -O0 -ffunction-sections -fdata-sections -Wall -fstack-usage -fcyclomatic-complexity -MMD -MP -MF"Core/Src/main.d" -MT"Core/Src/main.o" --specs=nano.specs -mfpu=fpv5-sp-d16 -mfloat-abi=hard -mthumb -o "Core/Src/main.o"
arm-none-eabi-gcc -o "PID-Motor-Control.elf" @"objects.list"   -mcpu=cortex-m7 -T"C:\Users\Patrycja\Desktop\Studia\5 semestr\SM\PID-Motor-Control\PID-Motor-Control\STM32F746ZGTX_FLASH.ld" --specs=nosys.specs -Wl,-Map="PID-Motor-Control.map" -Wl,--gc-sections -static -u _printf_float --specs=nano.specs -mfpu=fpv5-sp-d16 -mfloat-abi=hard -mthumb -Wl,--start-group -lc -lm -Wl,--end-group
Finished building target: PID-Motor-Control.elf
 
arm-none-eabi-size  PID-Motor-Control.elf 
arm-none-eabi-objdump -h -S PID-Motor-Control.elf  > "PID-Motor-Control.list"
   text	   data	    bss	    dec	    hex	filename
  36072	    468	   3588	  40128	   9cc0	PID-Motor-Control.elf
Finished building: default.size.stdout
 
Finished building: PID-Motor-Control.list
 
00:57:22 **** Incremental Build of configuration Debug for project PID-Motor-Control ****
make -j12 all 
arm-none-eabi-gcc "../Core/Src/main.c" -mcpu=cortex-m7 -std=gnu11 -g3 -DDEBUG -DUSE_HAL_DRIVER -DSTM32F746xx -c -I../Core/Inc -I../Drivers/STM32F7xx_HAL_Driver/Inc -I../Drivers/STM32F7xx_HAL_Driver/Inc/Legacy -I../Drivers/CMSIS/Device/ST/STM32F7xx/Include -I../Drivers/CMSIS/Include -O0 -ffunction-sections -fdata-sections -Wall -fstack-usage -fcyclomatic-complexity -MMD -MP -MF"Core/Src/main.d" -MT"Core/Src/main.o" --specs=nano.specs -mfpu=fpv5-sp-d16 -mfloat-abi=hard -mthumb -o "Core/Src/main.o"
arm-none-eabi-gcc -o "PID-Motor-Control.elf" @"objects.list"   -mcpu=cortex-m7 -T"C:\Users\Patrycja\Desktop\Studia\5 semestr\SM\PID-Motor-Control\PID-Motor-Control\STM32F746ZGTX_FLASH.ld" --specs=nosys.specs -Wl,-Map="PID-Motor-Control.map" -Wl,--gc-sections -static -u _printf_float --specs=nano.specs -mfpu=fpv5-sp-d16 -mfloat-abi=hard -mthumb -Wl,--start-group -lc -lm -Wl,--end-group
Finished building target: PID-Motor-Control.elf
 
arm-none-eabi-size  PID-Motor-Control.elf 
arm-none-eabi-objdump -h -S PID-Motor-Control.elf  > "PID-Motor-Control.list"
   text	   data	    bss	    dec	    hex	filename
  36072	    468	   3588	  40128	   9cc0	PID-Motor-Control.elf
Finished building: default.size.stdout
 
Finished building: PID-Motor-Control.list
 
00:58:27 **** Incremental Build of configuration Debug for project PID-Motor-Control ****
make -j12 all 
arm-none-eabi-gcc "../Core/Src/main.c" -mcpu=cortex-m7 -std=gnu11 -g3 -DDEBUG -DUSE_HAL_DRIVER -DSTM32F746xx -c -I../Core/Inc -I../Drivers/STM32F7xx_HAL_Driver/Inc -I../Drivers/STM32F7xx_HAL_Driver/Inc/Legacy -I../Drivers/CMSIS/Device/ST/STM32F7xx/Include -I../Drivers/CMSIS/Include -O0 -ffunction-sections -fdata-sections -Wall -fstack-usage -fcyclomatic-complexity -MMD -MP -MF"Core/Src/main.d" -MT"Core/Src/main.o" --specs=nano.specs -mfpu=fpv5-sp-d16 -mfloat-abi=hard -mthumb -o "Core/Src/main.o"
arm-none-eabi-gcc -o "PID-Motor-Control.elf" @"objects.list"   -mcpu=cortex-m7 -T"C:\Users\Patrycja\Desktop\Studia\5 semestr\SM\PID-Motor-Control\PID-Motor-Control\STM32F746ZGTX_FLASH.ld" --specs=nosys.specs -Wl,-Map="PID-Motor-Control.map" -Wl,--gc-sections -static -u _printf_float --specs=nano.specs -mfpu=fpv5-sp-d16 -mfloat-abi=hard -mthumb -Wl,--start-group -lc -lm -Wl,--end-group
Finished building target: PID-Motor-Control.elf
 
arm-none-eabi-size  PID-Motor-Control.elf 
arm-none-eabi-objdump -h -S PID-Motor-Control.elf  > "PID-Motor-Control.list"
   text	   data	    bss	    dec	    hex	filename
  36072	    468	   3588	  40128	   9cc0	PID-Motor-Control.elf
Finished building: default.size.stdout
 
Finished building: PID-Motor-Control.list
 
00:59:09 **** Incremental Build of configuration Debug for project PID-Motor-Control ****
make -j12 all 
arm-none-eabi-gcc "../Core/Src/main.c" -mcpu=cortex-m7 -std=gnu11 -g3 -DDEBUG -DUSE_HAL_DRIVER -DSTM32F746xx -c -I../Core/Inc -I../Drivers/STM32F7xx_HAL_Driver/Inc -I../Drivers/STM32F7xx_HAL_Driver/Inc/Legacy -I../Drivers/CMSIS/Device/ST/STM32F7xx/Include -I../Drivers/CMSIS/Include -O0 -ffunction-sections -fdata-sections -Wall -fstack-usage -fcyclomatic-complexity -MMD -MP -MF"Core/Src/main.d" -MT"Core/Src/main.o" --specs=nano.specs -mfpu=fpv5-sp-d16 -mfloat-abi=hard -mthumb -o "Core/Src/main.o"
arm-none-eabi-gcc -o "PID-Motor-Control.elf" @"objects.list"   -mcpu=cortex-m7 -T"C:\Users\Patrycja\Desktop\Studia\5 semestr\SM\PID-Motor-Control\PID-Motor-Control\STM32F746ZGTX_FLASH.ld" --specs=nosys.specs -Wl,-Map="PID-Motor-Control.map" -Wl,--gc-sections -static -u _printf_float --specs=nano.specs -mfpu=fpv5-sp-d16 -mfloat-abi=hard -mthumb -Wl,--start-group -lc -lm -Wl,--end-group
Finished building target: PID-Motor-Control.elf
 
arm-none-eabi-size  PID-Motor-Control.elf 
arm-none-eabi-objdump -h -S PID-Motor-Control.elf  > "PID-Motor-Control.list"
   text	   data	    bss	    dec	    hex	filename
  36072	    468	   3588	  40128	   9cc0	PID-Motor-Control.elf
Finished building: default.size.stdout
 
Finished building: PID-Motor-Control.list
 
