17:14:42 **** Incremental Build of configuration Debug for project PID-Motor-Control ****
make -j12 all 
arm-none-eabi-gcc "../Core/Src/main.c" -mcpu=cortex-m7 -std=gnu11 -g3 -DDEBUG -DUSE_HAL_DRIVER -DSTM32F746xx -c -I../Core/Inc -I../Drivers/STM32F7xx_HAL_Driver/Inc -I../Drivers/STM32F7xx_HAL_Driver/Inc/Legacy -I../Drivers/CMSIS/Device/ST/STM32F7xx/Include -I../Drivers/CMSIS/Include -O0 -ffunction-sections -fdata-sections -Wall -fstack-usage -fcyclomatic-complexity -MMD -MP -MF"Core/Src/main.d" -MT"Core/Src/main.o" --specs=nano.specs -mfpu=fpv5-sp-d16 -mfloat-abi=hard -mthumb -o "Core/Src/main.o"
arm-none-eabi-gcc "../Core/Src/stm32f7xx_hal_msp.c" -mcpu=cortex-m7 -std=gnu11 -g3 -DDEBUG -DUSE_HAL_DRIVER -DSTM32F746xx -c -I../Core/Inc -I../Drivers/STM32F7xx_HAL_Driver/Inc -I../Drivers/STM32F7xx_HAL_Driver/Inc/Legacy -I../Drivers/CMSIS/Device/ST/STM32F7xx/Include -I../Drivers/CMSIS/Include -O0 -ffunction-sections -fdata-sections -Wall -fstack-usage -fcyclomatic-complexity -MMD -MP -MF"Core/Src/stm32f7xx_hal_msp.d" -MT"Core/Src/stm32f7xx_hal_msp.o" --specs=nano.specs -mfpu=fpv5-sp-d16 -mfloat-abi=hard -mthumb -o "Core/Src/stm32f7xx_hal_msp.o"
arm-none-eabi-gcc -o "PID-Motor-Control.elf" @"objects.list"   -mcpu=cortex-m7 -T"C:\Users\Patrycja\Desktop\Studia\5 semestr\SM\PID-Motor-Control\PID-Motor-Control\STM32F746ZGTX_FLASH.ld" --specs=nosys.specs -Wl,-Map="PID-Motor-Control.map" -Wl,--gc-sections -static --specs=nano.specs -mfpu=fpv5-sp-d16 -mfloat-abi=hard -mthumb -Wl,--start-group -lc -lm -Wl,--end-group
Finished building target: PID-Motor-Control.elf
 
arm-none-eabi-size  PID-Motor-Control.elf 
arm-none-eabi-objdump -h -S PID-Motor-Control.elf  > "PID-Motor-Control.list"
   text	   data	    bss	    dec	    hex	filename
  17796	     12	   3108	  20916	   51b4	PID-Motor-Control.elf
Finished building: default.size.stdout
 
Finished building: PID-Motor-Control.list
 
17:16:46 **** Incremental Build of configuration Debug for project PID-Motor-Control ****
make -j12 all 
arm-none-eabi-gcc "../Core/Src/main.c" -mcpu=cortex-m7 -std=gnu11 -g3 -DDEBUG -DUSE_HAL_DRIVER -DSTM32F746xx -c -I../Core/Inc -I../Drivers/STM32F7xx_HAL_Driver/Inc -I../Drivers/STM32F7xx_HAL_Driver/Inc/Legacy -I../Drivers/CMSIS/Device/ST/STM32F7xx/Include -I../Drivers/CMSIS/Include -O0 -ffunction-sections -fdata-sections -Wall -fstack-usage -fcyclomatic-complexity -MMD -MP -MF"Core/Src/main.d" -MT"Core/Src/main.o" --specs=nano.specs -mfpu=fpv5-sp-d16 -mfloat-abi=hard -mthumb -o "Core/Src/main.o"
arm-none-eabi-gcc -o "PID-Motor-Control.elf" @"objects.list"   -mcpu=cortex-m7 -T"C:\Users\Patrycja\Desktop\Studia\5 semestr\SM\PID-Motor-Control\PID-Motor-Control\STM32F746ZGTX_FLASH.ld" --specs=nosys.specs -Wl,-Map="PID-Motor-Control.map" -Wl,--gc-sections -static --specs=nano.specs -mfpu=fpv5-sp-d16 -mfloat-abi=hard -mthumb -Wl,--start-group -lc -lm -Wl,--end-group
Finished building target: PID-Motor-Control.elf
 
arm-none-eabi-size  PID-Motor-Control.elf 
arm-none-eabi-objdump -h -S PID-Motor-Control.elf  > "PID-Motor-Control.list"
   text	   data	    bss	    dec	    hex	filename
  17796	     12	   3108	  20916	   51b4	PID-Motor-Control.elf
Finished building: default.size.stdout
 
Finished building: PID-Motor-Control.list
 
17:25:54 **** Incremental Build of configuration Debug for project PID-Motor-Control ****
make -j12 all 
arm-none-eabi-gcc "../Core/Src/main.c" -mcpu=cortex-m7 -std=gnu11 -g3 -DDEBUG -DUSE_HAL_DRIVER -DSTM32F746xx -c -I../Core/Inc -I../Drivers/STM32F7xx_HAL_Driver/Inc -I../Drivers/STM32F7xx_HAL_Driver/Inc/Legacy -I../Drivers/CMSIS/Device/ST/STM32F7xx/Include -I../Drivers/CMSIS/Include -O0 -ffunction-sections -fdata-sections -Wall -fstack-usage -fcyclomatic-complexity -MMD -MP -MF"Core/Src/main.d" -MT"Core/Src/main.o" --specs=nano.specs -mfpu=fpv5-sp-d16 -mfloat-abi=hard -mthumb -o "Core/Src/main.o"
arm-none-eabi-gcc -o "PID-Motor-Control.elf" @"objects.list"   -mcpu=cortex-m7 -T"C:\Users\Patrycja\Desktop\Studia\5 semestr\SM\PID-Motor-Control\PID-Motor-Control\STM32F746ZGTX_FLASH.ld" --specs=nosys.specs -Wl,-Map="PID-Motor-Control.map" -Wl,--gc-sections -static --specs=nano.specs -mfpu=fpv5-sp-d16 -mfloat-abi=hard -mthumb -Wl,--start-group -lc -lm -Wl,--end-group
Finished building target: PID-Motor-Control.elf
 
arm-none-eabi-size  PID-Motor-Control.elf 
arm-none-eabi-objdump -h -S PID-Motor-Control.elf  > "PID-Motor-Control.list"
   text	   data	    bss	    dec	    hex	filename
  18108	     12	   3108	  21228	   52ec	PID-Motor-Control.elf
Finished building: default.size.stdout
 
Finished building: PID-Motor-Control.list
 
17:30:30 **** Incremental Build of configuration Debug for project PID-Motor-Control ****
make -j12 all 
arm-none-eabi-size  PID-Motor-Control.elf 
   text	   data	    bss	    dec	    hex	filename
  18108	     12	   3108	  21228	   52ec	PID-Motor-Control.elf
Finished building: default.size.stdout
 
