12:38:08 **** Incremental Build of configuration Debug for project PID-Motor-Control ****
make -j12 all 
arm-none-eabi-gcc "../Core/Src/main.c" -mcpu=cortex-m7 -std=gnu11 -g3 -DDEBUG -DUSE_HAL_DRIVER -DSTM32F746xx -c -I../Core/Inc -I../Drivers/STM32F7xx_HAL_Driver/Inc -I../Drivers/STM32F7xx_HAL_Driver/Inc/Legacy -I../Drivers/CMSIS/Device/ST/STM32F7xx/Include -I../Drivers/CMSIS/Include -O0 -ffunction-sections -fdata-sections -Wall -fstack-usage -fcyclomatic-complexity -MMD -MP -MF"Core/Src/main.d" -MT"Core/Src/main.o" --specs=nano.specs -mfpu=fpv5-sp-d16 -mfloat-abi=hard -mthumb -o "Core/Src/main.o"
arm-none-eabi-gcc -o "PID-Motor-Control.elf" @"objects.list"   -mcpu=cortex-m7 -T"C:\Users\Patrycja\Desktop\Studia\5 semestr\SM\PID-Motor-Control\PID-Motor-Control\STM32F746ZGTX_FLASH.ld" --specs=nosys.specs -Wl,-Map="PID-Motor-Control.map" -Wl,--gc-sections -static -u _printf_float --specs=nano.specs -mfpu=fpv5-sp-d16 -mfloat-abi=hard -mthumb -Wl,--start-group -lc -lm -Wl,--end-group
Finished building target: PID-Motor-Control.elf
 
arm-none-eabi-size  PID-Motor-Control.elf 
arm-none-eabi-objdump -h -S PID-Motor-Control.elf  > "PID-Motor-Control.list"
   text	   data	    bss	    dec	    hex	filename
  36072	    468	   3588	  40128	   9cc0	PID-Motor-Control.elf
Finished building: default.size.stdout
 
Finished building: PID-Motor-Control.list
 

12:38:13 Build Finished. 0 errors, 0 warnings. (took 4s.551ms)

